
Memory Configuration

Name             Origin             Length             Attributes
*default*        0x00000000         0xffffffff

Linker script and memory map

LOAD program.o
LOAD start.o
LOAD userlib.o
                0x01400000                . = 0x1400000

.text           0x01400000      0x9bd
                0x01400000                __code_start = .
 *(.text*)
 .text          0x01400000      0x3a0 program.o
                0x01400000                _main
 .text          0x014003a0        0xc start.o
                0x014003a0                _start
 .text          0x014003ac      0x611 userlib.o
                0x01400406                _printLine
                0x01400615                _strcat
                0x0140059c                _strcmp
                0x014004e1                _toLower
                0x014004f6                _toUpper
                0x01400999                _test
                0x014003c0                _putch
                0x014003d1                _puts
                0x0140043d                _floppy_format
                0x01400562                _toupper
                0x01400666                _gets
                0x014005e2                _strncpy
                0x014007a1                _atoi
                0x0140081f                _float2string
                0x01400528                _tolower
                0x014003f6                _floppy_dir
                0x0140073a                _itoa
                0x0140042d                _getCurrentMilliseconds
                0x014004bc                _clearScreen
                0x01400912                _showInfo
                0x014006f5                _reverse
                0x01400450                _floppy_load
                0x01400497                _getUserTaskNumber
                0x014003e2                _getch
                0x01400635                _strchr
                0x014005c5                _strcpy
                0x014003ac                _settextcolor
                0x014004a7                _testch
                0x0140041d                _getCurrentSeconds
                0x0140050b                _strlen
                0x01400466                _exit
                0x014004cd                _gotoxy
                0x01400472                _settaskflag
                0x01400483                _beep

.data           0x014009c0        0x0
                0x014009c0                __data_start = .
 *(.data)
 .data          0x014009c0        0x0 program.o
 .data          0x014009c0        0x0 userlib.o

.rodata         0x014009c0        0xc
                0x014009c0                __rodata_start = .
 *(.rodata)
 .rodata        0x014009c0        0xc userlib.o

.rodata.str1.1  0x014009cc       0x4f
 .rodata.str1.1
                0x014009cc       0x42 program.o
                                 0x43 (size before relaxing)
 .rodata.str1.1
                0x01400a0e        0xd userlib.o

.rodata.str1.4  0x01400a1c      0x1b4
 .rodata.str1.4
                0x01400a1c       0xb5 program.o
 *fill*         0x01400ad1        0x3 00
 .rodata.str1.4
                0x01400ad4       0xfc userlib.o
                                 0xf9 (size before relaxing)

.rodata.cst4    0x01400bd0        0x4
 .rodata.cst4   0x01400bd0        0x4 userlib.o

.rel.dyn        0x01400bd4        0x0
 .rel.text      0x00000000        0x0 program.o

.bss            0x01400bd4        0x0
                0x01400bd4                __bss_start = .
 *(.bss)
 .bss           0x01400bd4        0x0 program.o
 .bss           0x01400bd4        0x0 userlib.o
 *(COMMON)
                0x01400bd4                __end = .
OUTPUT(user/user_program_c/program.elf elf32-i386)

.comment        0x00000000       0x24
 .comment       0x00000000       0x12 program.o
 .comment       0x00000012       0x12 userlib.o
