
Memory Configuration

Name             Origin             Length             Attributes
*default*        0x00000000         0xffffffff

Linker script and memory map

LOAD program.o
LOAD userlib.o
                0x01400000                . = 0x1400000

.text           0x01400000      0x319
                0x01400000                __code_start = .
 *(.text*)
 .text          0x01400000      0x1fd program.o
                0x01400000                _main
 *fill*         0x014001fd        0x3 00
 .text          0x01400200      0x119 userlib.o
                0x01400256                _printLine
                0x01400287                _strcmp
                0x01400214                _putch
                0x01400225                _puts
                0x01400246                _floppy_dir
                0x014002b0                _showInfo
                0x01400236                _getch
                0x01400200                _settextcolor
                0x0140026d                _getCurrentSeconds

.data           0x0140031c        0x0
                0x0140031c                __data_start = .
 *(.data)
 .data          0x0140031c        0x0 program.o
 .data          0x0140031c        0x0 userlib.o

.rodata         0x0140031c        0x0
                0x0140031c                __rodata_start = .
 *(.rodata)

.rodata.str1.1  0x0140031c       0x1e
 .rodata.str1.1
                0x0140031c       0x1e program.o

.rodata.str1.4  0x0140033c      0x178
 .rodata.str1.4
                0x0140033c       0x7c program.o
 .rodata.str1.4
                0x014003b8       0xfc userlib.o
                                 0xf9 (size before relaxing)

.rel.dyn        0x014004b4        0x0
 .rel.text      0x00000000        0x0 program.o

.bss            0x014004b4        0x0
                0x014004b4                __bss_start = .
 *(.bss)
 .bss           0x014004b4        0x0 program.o
 .bss           0x014004b4        0x0 userlib.o
 *(COMMON)
                0x014004b4                __end = .
OUTPUT(user/user_program_c/program.elf elf32-i386)

.comment        0x00000000       0x24
 .comment       0x00000000       0x12 program.o
 .comment       0x00000012       0x12 userlib.o
