
Memory Configuration

Name             Origin             Length             Attributes
*default*        0x00000000         0xffffffff

Linker script and memory map

LOAD program.o
LOAD start.o
LOAD userlib.o
                0x01400000                . = 0x1400000

.text           0x01400000     0x1062
                0x01400000                __code_start = .
 *(.text*)
 .text          0x01400000      0xa38 program.o
                0x014000cc                _insert
                0x01400039                _drawEntry
                0x01400000                _memset
                0x01400021                _eraseFirst
                0x01400103                _main
 *fill*         0x01400a38        0x8 00
 .text          0x01400a40        0xc start.o
                0x01400a40                _start
 .text          0x01400a4c      0x616 userlib.o
                0x01400aa6                _printLine
                0x01400cba                _strcat
                0x01400c43                _strcmp
                0x01400b81                _toLower
                0x01400b96                _toUpper
                0x0140103e                _test
                0x01400a60                _putch
                0x01400a71                _puts
                0x01400add                _floppy_format
                0x01400c09                _toupper
                0x01400d0b                _gets
                0x01400c89                _strncpy
                0x01400e3d                _atoi
                0x01400eb7                _float2string
                0x01400bcf                _tolower
                0x01400a96                _floppy_dir
                0x01400ddb                _itoa
                0x01400acd                _getCurrentMilliseconds
                0x01400b5c                _clearScreen
                0x01400fb7                _showInfo
                0x01400d96                _reverse
                0x01400af0                _floppy_load
                0x01400b37                _getUserTaskNumber
                0x01400a82                _getch
                0x01400cda                _strchr
                0x01400c6c                _strcpy
                0x01400a4c                _settextcolor
                0x01400b47                _testch
                0x01400abd                _getCurrentSeconds
                0x01400bab                _strlen
                0x01400b06                _exit
                0x01400b6d                _gotoxy
                0x01400b12                _settaskflag
                0x01400b23                _beep

.data           0x01401064        0x0
                0x01401064                __data_start = .
 *(.data)
 .data          0x01401064        0x0 program.o
 .data          0x01401064        0x0 userlib.o

.rodata         0x01401064        0xc
                0x01401064                __rodata_start = .
 *(.rodata)
 .rodata        0x01401064        0xc userlib.o

.rodata.str1.1  0x01401070       0x4f
 .rodata.str1.1
                0x01401070       0x42 program.o
                                 0x43 (size before relaxing)
 .rodata.str1.1
                0x014010b2        0xd userlib.o

.rodata.str1.4  0x014010c0      0x1b4
 .rodata.str1.4
                0x014010c0       0xb5 program.o
 *fill*         0x01401175        0x3 00
 .rodata.str1.4
                0x01401178       0xfc userlib.o
                                 0xf9 (size before relaxing)

.rodata.cst4    0x01401274        0x4
 .rodata.cst4   0x01401274        0x4 userlib.o

.rel.dyn        0x01401278        0x0
 .rel.text      0x00000000        0x0 program.o

.bss            0x01401278        0xc
                0x01401278                __bss_start = .
 *(.bss)
 .bss           0x01401278        0xc program.o
 .bss           0x01401284        0x0 userlib.o
 *(COMMON)
                0x01401284                __end = .
OUTPUT(user/user_program_c/program.elf elf32-i386)

.comment        0x00000000       0x24
 .comment       0x00000000       0x12 program.o
 .comment       0x00000012       0x12 userlib.o
