
Memory Configuration

Name             Origin             Length             Attributes
*default*        0x00000000         0xffffffff

Linker script and memory map

LOAD program.o
LOAD start.o
LOAD userlib.o
                0x01400000                . = 0x1400000

.text           0x01400000      0x5cd
                0x01400000                __code_start = .
 *(.text*)
 .text          0x01400000      0x395 program.o
                0x01400000                _main
 *fill*         0x01400395        0xb 00
 .text          0x014003a0        0xc start.o
                0x014003a0                _start
 .text          0x014003ac      0x221 userlib.o
                0x01400402                _printLine
                0x0140051d                _strcmp
                0x01400462                _toLower
                0x01400477                _toUpper
                0x014003c0                _putch
                0x014003d1                _puts
                0x01400439                _floppy_format
                0x014004e3                _toupper
                0x014004a9                _tolower
                0x014003f2                _floppy_dir
                0x01400429                _getCurrentMilliseconds
                0x01400546                _showInfo
                0x0140044c                _floppy_load
                0x014003e2                _getch
                0x014003ac                _settextcolor
                0x01400419                _getCurrentSeconds
                0x0140048c                _strlen

.data           0x014005d0        0x0
                0x014005d0                __data_start = .
 *(.data)
 .data          0x014005d0        0x0 program.o
 .data          0x014005d0        0x0 userlib.o

.rodata         0x014005d0        0xc
                0x014005d0                __rodata_start = .
 *(.rodata)
 .rodata        0x014005d0        0xc userlib.o

.rodata.str1.1  0x014005dc       0x29
 .rodata.str1.1
                0x014005dc       0x29 program.o
                                 0x2a (size before relaxing)

.rodata.str1.4  0x01400608      0x1b4
 .rodata.str1.4
                0x01400608       0xb5 program.o
 *fill*         0x014006bd        0x3 00
 .rodata.str1.4
                0x014006c0       0xfc userlib.o
                                 0xf9 (size before relaxing)

.rel.dyn        0x014007bc        0x0
 .rel.text      0x00000000        0x0 program.o

.bss            0x014007bc        0x0
                0x014007bc                __bss_start = .
 *(.bss)
 .bss           0x014007bc        0x0 program.o
 .bss           0x014007bc        0x0 userlib.o
 *(COMMON)
                0x014007bc                __end = .
OUTPUT(user/user_program_c/program.elf elf32-i386)

.comment        0x00000000       0x24
 .comment       0x00000000       0x12 program.o
 .comment       0x00000012       0x12 userlib.o
