
Memory Configuration

Name             Origin             Length             Attributes
*default*        0x00000000         0xffffffff

Linker script and memory map

LOAD program.o
LOAD start.o
LOAD userlib.o
                0x01400000                . = 0x1400000

.text           0x01400000     0x1307
                0x01400000                __code_start = .
 *(.text*)
 .text          0x01400000      0xa4c program.o
                0x01400111                _insert
                0x01400039                _drawEntry
                0x01400000                _memset
                0x01400021                _eraseFirst
                0x01400148                _main
 *fill*         0x01400a4c        0x4 00
 .text          0x01400a50       0x16 start.o
                0x01400a50                _start
 *fill*         0x01400a66        0x2 00
 .text          0x01400a68      0x89f userlib.o
                0x01400ac2                _printLine
                0x01400b9d                _grow_heap
                0x01401174                _free
                0x01400ce9                _strcat
                0x01400c72                _strcmp
                0x01400bb0                _toLower
                0x01400bc5                _toUpper
                0x014010c2                _test
                0x01400a7c                _putch
                0x01400a8d                _puts
                0x01400af9                _floppy_format
                0x01400c38                _toupper
                0x01400d3a                _gets
                0x01400cb8                _strncpy
                0x01400e6c                _atoi
                0x01400ee6                _float2string
                0x01400bfe                _tolower
                0x01400ab2                _floppy_dir
                0x01400e0a                _itoa
                0x01400ae9                _getCurrentMilliseconds
                0x01400b78                _clearScreen
                0x0140103b                _showInfo
                0x01400dc5                _reverse
                0x01400b0c                _floppy_load
                0x01400b53                _getUserTaskNumber
                0x01400a9e                _getch
                0x01400d09                _strchr
                0x014010e6                _malloc
                0x01400c9b                _strcpy
                0x01400a68                _settextcolor
                0x01400b63                _testch
                0x01400ad9                _getCurrentSeconds
                0x01400bda                _strlen
                0x01400fe6                _i2hex
                0x01400b22                _exit
                0x01400b89                _gotoxy
                0x01401179                _printf
                0x01400b2e                _settaskflag
                0x01400b3f                _beep

.data           0x01401308        0x0
                0x01401308                __data_start = .
 *(.data)
 .data          0x01401308        0x0 program.o
 .data          0x01401308        0x0 userlib.o

.rodata         0x01401308       0x94
                0x01401308                __rodata_start = .
 *(.rodata)
 .rodata        0x01401308       0x94 userlib.o

.rodata.str1.1  0x0140139c       0x4f
 .rodata.str1.1
                0x0140139c       0x42 program.o
                                 0x43 (size before relaxing)
 .rodata.str1.1
                0x014013de        0xd userlib.o

.rodata.str1.4  0x014013ec      0x1b4
 .rodata.str1.4
                0x014013ec       0xb5 program.o
 *fill*         0x014014a1        0x3 00
 .rodata.str1.4
                0x014014a4       0xfc userlib.o
                                 0xf9 (size before relaxing)

.rodata.cst4    0x014015a0        0x4
 .rodata.cst4   0x014015a0        0x4 userlib.o

.rel.dyn        0x014015a4        0x0
 .rel.text      0x00000000        0x0 program.o

.bss            0x014015a4       0x10
                0x014015a4                __bss_start = .
 *(.bss)
 .bss           0x014015a4        0x8 program.o
 .bss           0x014015ac        0x8 userlib.o
 *(COMMON)
                0x014015b4                __end = .
OUTPUT(user/user_program_c/program.elf elf32-i386)

.comment        0x00000000       0x24
 .comment       0x00000000       0x12 program.o
 .comment       0x00000012       0x12 userlib.o
