
Memory Configuration

Name             Origin             Length             Attributes
*default*        0x00000000         0xffffffff

Linker script and memory map

LOAD program.o
LOAD start.o
LOAD userlib.o
                0x01400000                . = 0x1400000

.text           0x01400000      0xd94
                0x01400000                __code_start = .
 *(.text*)
 .text          0x01400000      0x764 program.o
                0x01400000                _memset
                0x01400021                _main
 *fill*         0x01400764        0xc 00
 .text          0x01400770        0xc start.o
                0x01400770                _start
 .text          0x0140077c      0x618 userlib.o
                0x014007d6                _printLine
                0x014009ec                _strcat
                0x01400973                _strcmp
                0x014008b1                _toLower
                0x014008c6                _toUpper
                0x01400d70                _test
                0x01400790                _putch
                0x014007a1                _puts
                0x0140080d                _floppy_format
                0x01400939                _toupper
                0x01400a3d                _gets
                0x014009b9                _strncpy
                0x01400b6f                _atoi
                0x01400be9                _float2string
                0x014008ff                _tolower
                0x014007c6                _floppy_dir
                0x01400b0d                _itoa
                0x014007fd                _getCurrentMilliseconds
                0x0140088c                _clearScreen
                0x01400ce9                _showInfo
                0x01400ac8                _reverse
                0x01400820                _floppy_load
                0x01400867                _getUserTaskNumber
                0x014007b2                _getch
                0x01400a0c                _strchr
                0x0140099c                _strcpy
                0x0140077c                _settextcolor
                0x01400877                _testch
                0x014007ed                _getCurrentSeconds
                0x014008db                _strlen
                0x01400836                _exit
                0x0140089d                _gotoxy
                0x01400842                _settaskflag
                0x01400853                _beep

.data           0x01400d94        0x0
                0x01400d94                __data_start = .
 *(.data)
 .data          0x01400d94        0x0 program.o
 .data          0x01400d94        0x0 userlib.o

.rodata         0x01400d94        0xc
                0x01400d94                __rodata_start = .
 *(.rodata)
 .rodata        0x01400d94        0xc userlib.o

.rodata.str1.1  0x01400da0       0x50
 .rodata.str1.1
                0x01400da0       0x43 program.o
                                 0x44 (size before relaxing)
 .rodata.str1.1
                0x01400de3        0xd userlib.o

.rodata.str1.4  0x01400df0      0x1b4
 .rodata.str1.4
                0x01400df0       0xb5 program.o
 *fill*         0x01400ea5        0x3 00
 .rodata.str1.4
                0x01400ea8       0xfc userlib.o
                                 0xf9 (size before relaxing)

.rodata.cst4    0x01400fa4        0x4
 .rodata.cst4   0x01400fa4        0x4 userlib.o

.rel.dyn        0x01400fa8        0x0
 .rel.text      0x00000000        0x0 program.o

.bss            0x01400fa8        0x0
                0x01400fa8                __bss_start = .
 *(.bss)
 .bss           0x01400fa8        0x0 program.o
 .bss           0x01400fa8        0x0 userlib.o
 *(COMMON)
                0x01400fa8                __end = .
OUTPUT(user/user_program_c/program.elf elf32-i386)

.comment        0x00000000       0x24
 .comment       0x00000000       0x12 program.o
 .comment       0x00000012       0x12 userlib.o
