
Memory Configuration

Name             Origin             Length             Attributes
*default*        0x00000000         0xffffffff

Linker script and memory map

LOAD program.o
LOAD start.o
LOAD userlib.o
                0x01400000                . = 0x1400000

.text           0x01400000     0x1075
                0x01400000                __code_start = .
 *(.text*)
 .text          0x01400000      0x99b program.o
                0x01400106                _insert
                0x01400033                _drawEntry
                0x01400000                _memset
                0x0140001b                _eraseFirst
                0x0140013a                _main
 *fill*         0x0140099b        0x5 00
 .text          0x014009a0        0xc start.o
                0x014009a0                _start
 .text          0x014009ac      0x6c9 userlib.o
                0x01400a01                _printLine
                0x01400acb                _grow_heap
                0x01401070                _free
                0x01400c20                _strcat
                0x01400bac                _strcmp
                0x01400adc                _toLower
                0x01400af6                _toUpper
                0x01400fb9                _test
                0x014009c0                _putch
                0x014009d1                _puts
                0x01400a30                _floppy_format
                0x01400b6e                _toupper
                0x01400c72                _gets
                0x01400bee                _strncpy
                0x01400db2                _atoi
                0x01400e2f                _float2string
                0x01400b30                _tolower
                0x014009f5                _floppy_dir
                0x01400d4c                _itoa
                0x01400a24                _getCurrentMilliseconds
                0x01400aa6                _clearScreen
                0x01400f2d                _showInfo
                0x01400cfc                _reverse
                0x01400a41                _floppy_load
                0x01400a86                _getUserTaskNumber
                0x014009e2                _getch
                0x01400c3f                _strchr
                0x01400fdd                _malloc
                0x01400bd6                _strcpy
                0x014009ac                _settextcolor
                0x01400a92                _testch
                0x01400a18                _getCurrentSeconds
                0x01400b10                _strlen
                0x01400a55                _exit
                0x01400ab7                _gotoxy
                0x01400a61                _settaskflag
                0x01400a72                _beep

.data           0x01401078        0x0
                0x01401078                __data_start = .
 *(.data)
 .data          0x01401078        0x0 program.o
 .data          0x01401078        0x0 userlib.o

.rodata         0x01401078        0xc
                0x01401078                __rodata_start = .
 *(.rodata)
 .rodata        0x01401078        0xc userlib.o

.rodata.str1.1  0x01401084       0x4f
 .rodata.str1.1
                0x01401084       0x42 program.o
                                 0x43 (size before relaxing)
 .rodata.str1.1
                0x014010c6        0xd userlib.o

.rodata.str1.4  0x014010d4      0x1b4
 .rodata.str1.4
                0x014010d4       0xb5 program.o
 *fill*         0x01401189        0x3 00
 .rodata.str1.4
                0x0140118c       0xfc userlib.o
                                 0xf9 (size before relaxing)

.rodata.cst4    0x01401288        0x4
 .rodata.cst4   0x01401288        0x4 userlib.o

.bss            0x0140128c       0x10
                0x0140128c                __bss_start = .
 *(.bss)
 .bss           0x0140128c        0x8 program.o
 .bss           0x01401294        0x8 userlib.o
 *(COMMON)
                0x0140129c                __end = .

.rel.dyn        0x0140129c        0x0
 .rel.text      0x00000000        0x0 program.o
OUTPUT(user/user_program_c/program.elf elf32-i386)

.comment        0x00000000       0x50
 .comment       0x00000000       0x28 program.o
 .comment       0x00000028       0x28 userlib.o
