
Memory Configuration

Name             Origin             Length             Attributes
*default*        0x00000000         0xffffffff

Linker script and memory map

                0x01400000                . = 0x1400000

.text           0x01400000      0x339
                0x01400000                __code_start = .
 *(.text*)
 .text          0x01400000       0x20 start.o
                0x01400000                _start
 .text          0x01400020      0x119 userlib.o
                0x01400076                _printLine
                0x014000a7                _strcmp
                0x01400034                _putch
                0x01400045                _puts
                0x01400066                _floppy_dir
                0x014000d0                _showInfo
                0x01400056                _getch
                0x01400020                _settextcolor
                0x0140008d                _getCurrentSeconds
 *fill*         0x01400139        0x3 00
 .text          0x0140013c      0x1fd program.o
                0x0140013c                _main

.rel.dyn        0x0140033c        0x0 load address 0x01400339
 .rel.text      0x00000000        0x0 start.o

.data           0x0140033c        0x0
                0x0140033c                __data_start = .
 *(.data)
 .data          0x0140033c        0x0 userlib.o
 .data          0x0140033c        0x0 program.o

.rodata         0x0140033c        0x0
                0x0140033c                __rodata_start = .
 *(.rodata)

.rodata.str1.4  0x0140033c      0x178
 .rodata.str1.4
                0x0140033c       0xf9 userlib.o
 *fill*         0x01400435        0x3 00
 .rodata.str1.4
                0x01400438       0x7c program.o

.rodata.str1.1  0x014004b4       0x1e
 .rodata.str1.1
                0x014004b4       0x1e program.o

.bss            0x014004d4        0x0
                0x014004d4                __bss_start = .
 *(.bss)
 .bss           0x014004d4        0x0 userlib.o
 .bss           0x014004d4        0x0 program.o
 *(COMMON)
                0x014004d4                __end = .
LOAD start.o
LOAD userlib.o
LOAD program.o
OUTPUT(program.elf elf32-i386)

.comment        0x00000000       0x24
 .comment       0x00000000       0x12 userlib.o
 .comment       0x00000012       0x12 program.o
