
Memory Configuration

Name             Origin             Length             Attributes
*default*        0x00000000         0xffffffff

Linker script and memory map

LOAD program.o
LOAD userlib.o
                0x01400000                . = 0x1400000

.text           0x01400000      0x309
                0x01400000                __code_start = .
 *(.text*)
 .text          0x01400000      0x1f7 program.o
                0x01400000                _main
 *fill*         0x014001f7        0x1 00
 .text          0x014001f8      0x111 userlib.o
                0x0140024b                _printLine
                0x01400273                _strcmp
                0x0140020c                _putch
                0x0140021d                _puts
                0x0140023f                _floppy_dir
                0x0140029d                _showInfo
                0x0140022e                _getch
                0x014001f8                _settextcolor
                0x01400262                _getCurrentSeconds

.data           0x0140030c        0x0
                0x0140030c                __data_start = .
 *(.data)
 .data          0x0140030c        0x0 program.o
 .data          0x0140030c        0x0 userlib.o

.rodata         0x01400309        0x0
                0x01400309                __rodata_start = .
 *(.rodata)

.rodata.str1.1  0x01400309       0x1e
 .rodata.str1.1
                0x01400309       0x1e program.o

.rodata.str1.4  0x01400328      0x178
 .rodata.str1.4
                0x01400328       0x7c program.o
 .rodata.str1.4
                0x014003a4       0xfc userlib.o
                                 0xf9 (size before relaxing)

.bss            0x014004a0        0x0
                0x014004a0                __bss_start = .
 *(.bss)
 .bss           0x014004a0        0x0 program.o
 .bss           0x014004a0        0x0 userlib.o
 *(COMMON)
                0x014004a0                __end = .

.rel.dyn        0x014004a0        0x0
 .rel.text      0x00000000        0x0 program.o
OUTPUT(user/user_program_c/program.elf elf32-i386)

.comment        0x00000000       0x50
 .comment       0x00000000       0x28 program.o
 .comment       0x00000028       0x28 userlib.o
