
Memory Configuration

Name             Origin             Length             Attributes
*default*        0x00000000         0xffffffff

Linker script and memory map

LOAD program.o
LOAD start.o
LOAD userlib.o
                0x01400000                . = 0x1400000

.text           0x01400000      0x359
                0x01400000                __code_start = .
 *(.text*)
 .text          0x01400000      0x204 program.o
                0x01400000                _main
 *fill*         0x01400204        0xc 00
 .text          0x01400210        0xc start.o
                0x01400210                _start
 .text          0x0140021c      0x13d userlib.o
                0x01400272                _printLine
                0x014002a9                _strcmp
                0x01400230                _putch
                0x01400241                _puts
                0x01400262                _floppy_dir
                0x01400299                _getCurrentMilliseconds
                0x014002d2                _showInfo
                0x01400252                _getch
                0x0140021c                _settextcolor
                0x01400289                _getCurrentSeconds

.data           0x0140035c        0x0
                0x0140035c                __data_start = .
 *(.data)
 .data          0x0140035c        0x0 program.o
 .data          0x0140035c        0x0 userlib.o

.rodata         0x0140035c        0xc
                0x0140035c                __rodata_start = .
 *(.rodata)
 .rodata        0x0140035c        0xc userlib.o

.rodata.str1.1  0x01400368       0x18
 .rodata.str1.1
                0x01400368       0x18 program.o

.rodata.str1.4  0x01400380      0x178
 .rodata.str1.4
                0x01400380       0x7c program.o
 .rodata.str1.4
                0x014003fc       0xfc userlib.o
                                 0xf9 (size before relaxing)

.rel.dyn        0x014004f8        0x0
 .rel.text      0x00000000        0x0 program.o

.bss            0x014004f8        0x0
                0x014004f8                __bss_start = .
 *(.bss)
 .bss           0x014004f8        0x0 program.o
 .bss           0x014004f8        0x0 userlib.o
 *(COMMON)
                0x014004f8                __end = .
OUTPUT(user/user_program_c/program.elf elf32-i386)

.comment        0x00000000       0x24
 .comment       0x00000000       0x12 program.o
 .comment       0x00000012       0x12 userlib.o
