
Memory Configuration

Name             Origin             Length             Attributes
*default*        0x00000000         0xffffffff

Linker script and memory map

                0x01400000                . = 0x1400000

.text           0x01400000      0x23f
                0x01400000                __code_start = .
 *(.text*)
 .text          0x01400000       0x20 start.o
                0x01400000                _start
 .text          0x01400020       0x7b userlib.o
                0x01400072                _strcmp
                0x01400034                _putch
                0x01400045                _puts
                0x01400066                _floppy_dir
                0x01400056                _getch
                0x01400020                _settextcolor
 *fill*         0x0140009b        0x1 00
 .text          0x0140009c      0x1a3 program.o
                0x0140009c                _main

.rel.dyn        0x01400240        0x0 load address 0x0140023f
 .rel.text      0x00000000        0x0 start.o

.data           0x01400240        0x0
                0x01400240                __data_start = .
 *(.data)
 .data          0x01400240        0x0 userlib.o
 .data          0x01400240        0x0 program.o

.rodata         0x01400240        0x0
                0x01400240                __rodata_start = .
 *(.rodata)

.rodata.str1.1  0x01400240       0x18
 .rodata.str1.1
                0x01400240       0x18 program.o

.rodata.str1.4  0x01400258       0x78
 .rodata.str1.4
                0x01400258       0x78 program.o

.bss            0x014002d0        0x0
                0x014002d0                __bss_start = .
 *(.bss)
 .bss           0x014002d0        0x0 userlib.o
 .bss           0x014002d0        0x0 program.o
 *(COMMON)
                0x014002d0                __end = .
LOAD start.o
LOAD userlib.o
LOAD program.o
OUTPUT(program.elf elf32-i386)

.comment        0x00000000       0x43
 .comment       0x00000000       0x1f start.o
 .comment       0x0000001f       0x12 userlib.o
 .comment       0x00000031       0x12 program.o
