
Memory Configuration

Name             Origin             Length             Attributes
*default*        0x00000000         0xffffffff

Linker script and memory map

LOAD program.o
LOAD start.o
LOAD userlib.o
                0x01400000                . = 0x1400000

.text           0x01400000      0x56d
                0x01400000                __code_start = .
 *(.text*)
 .text          0x01400000      0x331 program.o
                0x01400000                _main
 *fill*         0x01400331        0xf 00
 .text          0x01400340        0xc start.o
                0x01400340                _start
 .text          0x0140034c      0x221 userlib.o
                0x014003a2                _printLine
                0x014004bd                _strcmp
                0x01400402                _toLower
                0x01400417                _toUpper
                0x01400360                _putch
                0x01400371                _puts
                0x014003d9                _floppy_format
                0x01400483                _toupper
                0x01400449                _tolower
                0x01400392                _floppy_dir
                0x014003c9                _getCurrentMilliseconds
                0x014004e6                _showInfo
                0x014003ec                _floppy_load
                0x01400382                _getch
                0x0140034c                _settextcolor
                0x014003b9                _getCurrentSeconds
                0x0140042c                _strlen

.data           0x01400570        0x0
                0x01400570                __data_start = .
 *(.data)
 .data          0x01400570        0x0 program.o
 .data          0x01400570        0x0 userlib.o

.rodata         0x01400570        0xc
                0x01400570                __rodata_start = .
 *(.rodata)
 .rodata        0x01400570        0xc userlib.o

.rodata.str1.1  0x0140057c       0x29
 .rodata.str1.1
                0x0140057c       0x29 program.o

.rodata.str1.4  0x014005a8      0x190
 .rodata.str1.4
                0x014005a8       0x91 program.o
 *fill*         0x01400639        0x3 00
 .rodata.str1.4
                0x0140063c       0xfc userlib.o
                                 0xf9 (size before relaxing)

.rel.dyn        0x01400738        0x0
 .rel.text      0x00000000        0x0 program.o

.bss            0x01400738        0x0
                0x01400738                __bss_start = .
 *(.bss)
 .bss           0x01400738        0x0 program.o
 .bss           0x01400738        0x0 userlib.o
 *(COMMON)
                0x01400738                __end = .
OUTPUT(user/user_program_c/program.elf elf32-i386)

.comment        0x00000000       0x24
 .comment       0x00000000       0x12 program.o
 .comment       0x00000012       0x12 userlib.o
