
Memory Configuration

Name             Origin             Length             Attributes
*default*        0x00000000         0xffffffff

Linker script and memory map

LOAD program.o
LOAD start.o
LOAD userlib.o
                0x01400000                . = 0x1400000

.text           0x01400000      0x79b
                0x01400000                __code_start = .
 *(.text*)
 .text          0x01400000      0x383 program.o
                0x01400000                _main
 *fill*         0x01400383        0xd 00
 .text          0x01400390        0xc start.o
                0x01400390                _start
 .text          0x0140039c      0x3ff userlib.o
                0x014003f6                _printLine
                0x01400552                _strcmp
                0x01400497                _toLower
                0x014004ac                _toUpper
                0x01400473                _test
                0x014003b0                _putch
                0x014003c1                _puts
                0x0140042d                _floppy_format
                0x01400518                _toupper
                0x0140057b                _gets
                0x01400696                _atoi
                0x014004de                _tolower
                0x014003e6                _floppy_dir
                0x0140062f                _itoa
                0x0140041d                _getCurrentMilliseconds
                0x01400714                _showInfo
                0x014005ea                _reverse
                0x01400440                _floppy_load
                0x014003d2                _getch
                0x0140039c                _settextcolor
                0x0140040d                _getCurrentSeconds
                0x014004c1                _strlen
                0x01400456                _exit
                0x01400462                _settaskflag

.data           0x0140079c        0x0
                0x0140079c                __data_start = .
 *(.data)
 .data          0x0140079c        0x0 program.o
 .data          0x0140079c        0x0 userlib.o

.rodata         0x0140079c        0xc
                0x0140079c                __rodata_start = .
 *(.rodata)
 .rodata        0x0140079c        0xc userlib.o

.rodata.str1.1  0x014007a8       0x4f
 .rodata.str1.1
                0x014007a8       0x42 program.o
                                 0x43 (size before relaxing)
 .rodata.str1.1
                0x014007ea        0xd userlib.o

.rodata.str1.4  0x014007f8      0x1b4
 .rodata.str1.4
                0x014007f8       0xb5 program.o
 *fill*         0x014008ad        0x3 00
 .rodata.str1.4
                0x014008b0       0xfc userlib.o
                                 0xf9 (size before relaxing)

.rel.dyn        0x014009ac        0x0
 .rel.text      0x00000000        0x0 program.o

.bss            0x014009ac        0x0
                0x014009ac                __bss_start = .
 *(.bss)
 .bss           0x014009ac        0x0 program.o
 .bss           0x014009ac        0x0 userlib.o
 *(COMMON)
                0x014009ac                __end = .
OUTPUT(user/user_program_c/program.elf elf32-i386)

.comment        0x00000000       0x24
 .comment       0x00000000       0x12 program.o
 .comment       0x00000012       0x12 userlib.o
