
Memory Configuration

Name             Origin             Length             Attributes
*default*        0x00000000         0xffffffff

Linker script and memory map

                0x01400000                . = 0x1400000

.text           0x01400000      0x310
                0x01400000                __code_start = .
 *(.text*)
 .text          0x01400000       0x20 start.o
                0x01400000                _start
 .text          0x01400020       0xff userlib.o
                0x01400076                _printLine
                0x0140008d                _strcmp
                0x01400034                _putch
                0x01400045                _puts
                0x01400066                _floppy_dir
                0x014000b6                _showInfo
                0x01400056                _getch
                0x01400020                _settextcolor
 *fill*         0x0140011f        0x1 00
 .text          0x01400120      0x1f0 program.o
                0x01400120                _main

.rel.dyn        0x01400310        0x0
 .rel.text      0x00000000        0x0 start.o

.data           0x01400310        0x0
                0x01400310                __data_start = .
 *(.data)
 .data          0x01400310        0x0 userlib.o
 .data          0x01400310        0x0 program.o

.rodata         0x01400310        0x0
                0x01400310                __rodata_start = .
 *(.rodata)

.rodata.str1.4  0x01400310      0x178
 .rodata.str1.4
                0x01400310       0xf9 userlib.o
 *fill*         0x01400409        0x3 00
 .rodata.str1.4
                0x0140040c       0x7c program.o

.rodata.str1.1  0x01400488       0x1e
 .rodata.str1.1
                0x01400488       0x1e program.o

.bss            0x014004a8        0x0
                0x014004a8                __bss_start = .
 *(.bss)
 .bss           0x014004a8        0x0 userlib.o
 .bss           0x014004a8        0x0 program.o
 *(COMMON)
                0x014004a8                __end = .
LOAD start.o
LOAD userlib.o
LOAD program.o
OUTPUT(program.elf elf32-i386)

.comment        0x00000000       0x24
 .comment       0x00000000       0x12 userlib.o
 .comment       0x00000012       0x12 program.o
