
Memory Configuration

Name             Origin             Length             Attributes
*default*        0x00000000         0xffffffff

Linker script and memory map

LOAD program.o
LOAD start.o
LOAD userlib.o
                0x01400000                . = 0x1400000

.text           0x01400000      0x54d
                0x01400000                __code_start = .
 *(.text*)
 .text          0x01400000      0x315 program.o
                0x01400000                _main
 *fill*         0x01400315        0xb 00
 .text          0x01400320        0xc start.o
                0x01400320                _start
 .text          0x0140032c      0x221 userlib.o
                0x01400382                _printLine
                0x0140049d                _strcmp
                0x014003e2                _toLower
                0x014003f7                _toUpper
                0x01400340                _putch
                0x01400351                _puts
                0x014003b9                _floppy_format
                0x01400463                _toupper
                0x01400429                _tolower
                0x01400372                _floppy_dir
                0x014003a9                _getCurrentMilliseconds
                0x014004c6                _showInfo
                0x014003cc                _floppy_load
                0x01400362                _getch
                0x0140032c                _settextcolor
                0x01400399                _getCurrentSeconds
                0x0140040c                _strlen

.data           0x01400550        0x0
                0x01400550                __data_start = .
 *(.data)
 .data          0x01400550        0x0 program.o
 .data          0x01400550        0x0 userlib.o

.rodata         0x01400550        0xc
                0x01400550                __rodata_start = .
 *(.rodata)
 .rodata        0x01400550        0xc userlib.o

.rodata.str1.1  0x0140055c       0x29
 .rodata.str1.1
                0x0140055c       0x29 program.o

.rodata.str1.4  0x01400588      0x190
 .rodata.str1.4
                0x01400588       0x91 program.o
 *fill*         0x01400619        0x3 00
 .rodata.str1.4
                0x0140061c       0xfc userlib.o
                                 0xf9 (size before relaxing)

.rel.dyn        0x01400718        0x0
 .rel.text      0x00000000        0x0 program.o

.bss            0x01400718        0x0
                0x01400718                __bss_start = .
 *(.bss)
 .bss           0x01400718        0x0 program.o
 .bss           0x01400718        0x0 userlib.o
 *(COMMON)
                0x01400718                __end = .
OUTPUT(user/user_program_c/program.elf elf32-i386)

.comment        0x00000000       0x24
 .comment       0x00000000       0x12 program.o
 .comment       0x00000012       0x12 userlib.o
