
Memory Configuration

Name             Origin             Length             Attributes
*default*        0x00000000         0xffffffff

Linker script and memory map

LOAD object_files/user/user_tools/userlib.o
LOAD object_files/user/user_program_c/program.o
LOAD object_files/user/user_tools/start.o
                0x01400000                . = 0x1400000

.text           0x01400000     0x1306
                0x01400000                __code_start = .
 *(.text*)
 .text          0x01400000      0x898 object_files/user/user_tools/userlib.o
                0x0140005a                _printLine
                0x01400135                _grow_heap
                0x0140070c                _free
                0x01400281                _strcat
                0x0140020a                _strcmp
                0x01400148                _toLower
                0x0140015d                _toUpper
                0x0140065a                _test
                0x01400014                _putch
                0x01400025                _puts
                0x01400091                _floppy_format
                0x014001d0                _toupper
                0x014002d2                _gets
                0x01400250                _strncpy
                0x01400404                _atoi
                0x0140047e                _float2string
                0x01400196                _tolower
                0x0140004a                _floppy_dir
                0x014003a2                _itoa
                0x01400081                _getCurrentMilliseconds
                0x01400110                _clearScreen
                0x014005d3                _showInfo
                0x0140035d                _reverse
                0x014000a4                _floppy_load
                0x014000eb                _getUserTaskNumber
                0x01400036                _getch
                0x014002a1                _strchr
                0x0140067e                _malloc
                0x01400233                _strcpy
                0x01400000                _settextcolor
                0x014000fb                _testch
                0x01400071                _getCurrentSeconds
                0x01400172                _strlen
                0x0140057e                _i2hex
                0x014000ba                _exit
                0x01400121                _gotoxy
                0x01400711                _printf
                0x014000c6                _settaskflag
                0x014000d7                _beep
 .text          0x01400898      0xa4c object_files/user/user_program_c/program.o
                0x014009a9                _insert
                0x014008d1                _drawEntry
                0x01400898                _memset
                0x014008b9                _eraseFirst
                0x014009e0                _main
 *fill*         0x014012e4        0xc 00
 .text          0x014012f0       0x16 object_files/user/user_tools/start.o
                0x014012f0                _start

.data           0x01401308        0x0
                0x01401308                __data_start = .
 *(.data)
 .data          0x01401308        0x0 object_files/user/user_tools/userlib.o
 .data          0x01401308        0x0 object_files/user/user_program_c/program.o

.rodata         0x01401308      0x160
                0x01401308                __rodata_start = .
 *(.rodata)
 .rodata        0x01401308      0x160 object_files/user/user_tools/userlib.o

.rodata.str1.1  0x01401468       0x4f
 .rodata.str1.1
                0x01401468        0xd object_files/user/user_tools/userlib.o
 .rodata.str1.1
                0x01401475       0x42 object_files/user/user_program_c/program.o
                                 0x43 (size before relaxing)

.rodata.str1.4  0x014014b8      0x1b4
 .rodata.str1.4
                0x014014b8       0xf9 object_files/user/user_tools/userlib.o
 *fill*         0x014015b1        0x3 00
 .rodata.str1.4
                0x014015b4       0xb8 object_files/user/user_program_c/program.o
                                 0xb5 (size before relaxing)

.rodata.cst4    0x0140166c        0x4
 .rodata.cst4   0x0140166c        0x4 object_files/user/user_tools/userlib.o

.bss            0x01401670       0x10
                0x01401670                __bss_start = .
 *(.bss)
 .bss           0x01401670        0x8 object_files/user/user_tools/userlib.o
 .bss           0x01401678        0x8 object_files/user/user_program_c/program.o
 *(COMMON)
                0x01401680                __end = .
OUTPUT(user/user_program_c/program.elf elf32-i386)

.comment        0x00000000       0x24
 .comment       0x00000000       0x12 object_files/user/user_tools/userlib.o
 .comment       0x00000012       0x12 object_files/user/user_program_c/program.o
