
Memory Configuration

Name             Origin             Length             Attributes
*default*        0x00000000         0xffffffff

Linker script and memory map

LOAD program.o
LOAD start.o
LOAD userlib.o
                0x01400000                . = 0x1400000

.text           0x01400000      0x3bc
                0x01400000                __code_start = .
 *(.text*)
 .text          0x01400000      0x259 program.o
                0x01400000                _main
 *fill*         0x01400259        0x7 00
 .text          0x01400260        0xc start.o
                0x01400260                _start
 .text          0x0140026c      0x150 userlib.o
                0x014002c2                _printLine
                0x0140030c                _strcmp
                0x01400280                _putch
                0x01400291                _puts
                0x014002f9                _floppy_format
                0x014002b2                _floppy_dir
                0x014002e9                _getCurrentMilliseconds
                0x01400335                _showInfo
                0x014002a2                _getch
                0x0140026c                _settextcolor
                0x014002d9                _getCurrentSeconds

.data           0x014003bc        0x0
                0x014003bc                __data_start = .
 *(.data)
 .data          0x014003bc        0x0 program.o
 .data          0x014003bc        0x0 userlib.o

.rodata         0x014003bc        0xc
                0x014003bc                __rodata_start = .
 *(.rodata)
 .rodata        0x014003bc        0xc userlib.o

.rodata.str1.1  0x014003c8       0x29
 .rodata.str1.1
                0x014003c8       0x29 program.o

.rodata.str1.4  0x014003f4      0x18c
 .rodata.str1.4
                0x014003f4       0x8d program.o
 *fill*         0x01400481        0x3 00
 .rodata.str1.4
                0x01400484       0xfc userlib.o
                                 0xf9 (size before relaxing)

.rel.dyn        0x01400580        0x0
 .rel.text      0x00000000        0x0 program.o

.bss            0x01400580        0x0
                0x01400580                __bss_start = .
 *(.bss)
 .bss           0x01400580        0x0 program.o
 .bss           0x01400580        0x0 userlib.o
 *(COMMON)
                0x01400580                __end = .
OUTPUT(user/user_program_c/program.elf elf32-i386)

.comment        0x00000000       0x24
 .comment       0x00000000       0x12 program.o
 .comment       0x00000012       0x12 userlib.o
