
Memory Configuration

Name             Origin             Length             Attributes
*default*        0x00000000         0xffffffff

Linker script and memory map

LOAD program.o
LOAD start.o
LOAD userlib.o
                0x01400000                . = 0x1400000

.text           0x01400000      0x5dd
                0x01400000                __code_start = .
 *(.text*)
 .text          0x01400000      0x3ab program.o
                0x01400000                _main
 *fill*         0x014003ab        0x5 00
 .text          0x014003b0        0xc start.o
                0x014003b0                _start
 .text          0x014003bc      0x221 userlib.o
                0x01400412                _printLine
                0x0140052d                _strcmp
                0x01400472                _toLower
                0x01400487                _toUpper
                0x014003d0                _putch
                0x014003e1                _puts
                0x01400449                _floppy_format
                0x014004f3                _toupper
                0x014004b9                _tolower
                0x01400402                _floppy_dir
                0x01400439                _getCurrentMilliseconds
                0x01400556                _showInfo
                0x0140045c                _floppy_load
                0x014003f2                _getch
                0x014003bc                _settextcolor
                0x01400429                _getCurrentSeconds
                0x0140049c                _strlen

.data           0x014005e0        0x0
                0x014005e0                __data_start = .
 *(.data)
 .data          0x014005e0        0x0 program.o
 .data          0x014005e0        0x0 userlib.o

.rodata         0x014005e0        0xc
                0x014005e0                __rodata_start = .
 *(.rodata)
 .rodata        0x014005e0        0xc userlib.o

.rodata.str1.1  0x014005ec       0x44
 .rodata.str1.1
                0x014005ec       0x44 program.o
                                 0x45 (size before relaxing)

.rodata.str1.4  0x01400630      0x1b4
 .rodata.str1.4
                0x01400630       0xb5 program.o
 *fill*         0x014006e5        0x3 00
 .rodata.str1.4
                0x014006e8       0xfc userlib.o
                                 0xf9 (size before relaxing)

.rel.dyn        0x014007e4        0x0
 .rel.text      0x00000000        0x0 program.o

.bss            0x014007e4        0x0
                0x014007e4                __bss_start = .
 *(.bss)
 .bss           0x014007e4        0x0 program.o
 .bss           0x014007e4        0x0 userlib.o
 *(COMMON)
                0x014007e4                __end = .
OUTPUT(user/user_program_c/program.elf elf32-i386)

.comment        0x00000000       0x24
 .comment       0x00000000       0x12 program.o
 .comment       0x00000012       0x12 userlib.o
