
Memory Configuration

Name             Origin             Length             Attributes
*default*        0x00000000         0xffffffff

Linker script and memory map

LOAD program.o
LOAD start.o
LOAD userlib.o
                0x01400000                . = 0x1400000

.text           0x01400000     0x1072
                0x01400000                __code_start = .
 *(.text*)
 .text          0x01400000      0xa46 program.o
                0x0140010b                _insert
                0x01400039                _drawEntry
                0x01400000                _memset
                0x01400021                _eraseFirst
                0x01400142                _main
 *fill*         0x01400a46        0xa 00
 .text          0x01400a50        0xc start.o
                0x01400a50                _start
 .text          0x01400a5c      0x616 userlib.o
                0x01400ab6                _printLine
                0x01400cca                _strcat
                0x01400c53                _strcmp
                0x01400b91                _toLower
                0x01400ba6                _toUpper
                0x0140104e                _test
                0x01400a70                _putch
                0x01400a81                _puts
                0x01400aed                _floppy_format
                0x01400c19                _toupper
                0x01400d1b                _gets
                0x01400c99                _strncpy
                0x01400e4d                _atoi
                0x01400ec7                _float2string
                0x01400bdf                _tolower
                0x01400aa6                _floppy_dir
                0x01400deb                _itoa
                0x01400add                _getCurrentMilliseconds
                0x01400b6c                _clearScreen
                0x01400fc7                _showInfo
                0x01400da6                _reverse
                0x01400b00                _floppy_load
                0x01400b47                _getUserTaskNumber
                0x01400a92                _getch
                0x01400cea                _strchr
                0x01400c7c                _strcpy
                0x01400a5c                _settextcolor
                0x01400b57                _testch
                0x01400acd                _getCurrentSeconds
                0x01400bbb                _strlen
                0x01400b16                _exit
                0x01400b7d                _gotoxy
                0x01400b22                _settaskflag
                0x01400b33                _beep

.data           0x01401074        0x0
                0x01401074                __data_start = .
 *(.data)
 .data          0x01401074        0x0 program.o
 .data          0x01401074        0x0 userlib.o

.rodata         0x01401074        0xc
                0x01401074                __rodata_start = .
 *(.rodata)
 .rodata        0x01401074        0xc userlib.o

.rodata.str1.1  0x01401080       0x4f
 .rodata.str1.1
                0x01401080       0x42 program.o
                                 0x43 (size before relaxing)
 .rodata.str1.1
                0x014010c2        0xd userlib.o

.rodata.str1.4  0x014010d0      0x1b4
 .rodata.str1.4
                0x014010d0       0xb5 program.o
 *fill*         0x01401185        0x3 00
 .rodata.str1.4
                0x01401188       0xfc userlib.o
                                 0xf9 (size before relaxing)

.rodata.cst4    0x01401284        0x4
 .rodata.cst4   0x01401284        0x4 userlib.o

.rel.dyn        0x01401288        0x0
 .rel.text      0x00000000        0x0 program.o

.bss            0x01401288        0x8
                0x01401288                __bss_start = .
 *(.bss)
 .bss           0x01401288        0x8 program.o
 .bss           0x01401290        0x0 userlib.o
 *(COMMON)
                0x01401290                __end = .
OUTPUT(user/user_program_c/program.elf elf32-i386)

.comment        0x00000000       0x24
 .comment       0x00000000       0x12 program.o
 .comment       0x00000012       0x12 userlib.o
