
- NASM Map file ---------------------------------------------------------------

Source file:  stage2_bootloader/boot2.asm
Output file:  stage2_bootloader/BOOT2.BIN

-- Symbols --------------------------------------------------------------------

---- Section .text ------------------------------------------------------------

Real              Virtual           Name
             503               503  InstallGDT
             50D               50D  gdt_data
             50D               50D  NULL_Desc
             515               515  CODE_Desc
             51D               51D  DATA_Desc
             525               525  end_of_gdt
             525               525  gdt_limit_and_base
             52B               52B  EnableA20
             53A               53A  EnableA20.no_fast_A20
             54B               54B  EnableA20.A20_done
             54B               54B  empty_8042
             560               560  empty_8042.no_output
             564               564  empty_8042.done
             565               565  Waitingloop
             568               568  Waitingloop.loop_start
             56C               56C  OperatingSystemName
             574               574  BytesPerSec
             576               576  SecPerClus
             577               577  ReservedSec
             579               579  NumFATs
             57A               57A  RootEntries
             57C               57C  TotSec
             57E               57E  MediaType
             57F               57F  FATSize
             581               581  SecPerTrack
             583               583  NumHeads
             585               585  HiddenSec
             589               589  TotSec32
             58D               58D  DriveNum
             58E               58E  Reserved
             58F               58F  BootSig
             590               590  VolumeSerialNum
             594               594  VolumeLabel
             59F               59F  FileSys
             5A7               5A7  datasector
             5A9               5A9  cluster
             5AB               5AB  Sector
             5AC               5AC  Head
             5AD               5AD  Cylinder
             5AE               5AE  Convert_Cluster_to_LBA
             5BE               5BE  Convert_LBA_to_CHS
             5D8               5D8  ReadSectors
             5D8               5D8  ReadSectors.MAIN
             5DB               5DB  ReadSectors.SECTORLOOP
             605               605  ReadSectors.SUCCESS
             610               610  LoadRoot
             641               641  LoadFAT
             65D               65D  FindFile
             670               670  FindFile.LOOP2
             683               683  FindFile.NotFound
             68A               68A  FindFile.Found
             68F               68F  LoadFile
             694               694  LoadFile.FIND_FILE
             6A6               6A6  LoadFile.LOAD_IMAGE_PRE
             6C6               6C6  LoadFile.LOAD_IMAGE
             6DD               6DD  LoadFile.LAB0001
             6E8               6E8  LoadFile.LAB0005
             712               712  LoadFile.EVEN_CLUSTER
             719               719  LoadFile.ODD_CLUSTER
             71C               71C  LoadFile.DONE
             726               726  LoadFile.SUCCESS
             72D               72D  get_memory_by_int15_e820
             761               761  get_memory_by_int15_e820.e820lp
             780               780  get_memory_by_int15_e820.jmpin
             78E               78E  get_memory_by_int15_e820.notext
             7A0               7A0  get_memory_by_int15_e820.goodent
             7A4               7A4  get_memory_by_int15_e820.skipent
             7A9               7A9  get_memory_by_int15_e820.e820f
             7BC               7BC  get_memory_by_int15_e820.failed
             7BE               7BE  ImageName
             7C9               7C9  ImageSize
             7CD               7CD  msgLoading
             7E7               7E7  msgFailure
             7FF               7FF  entry_point
             80F               80F  A20
             812               812  Get_Memory_Map
             821               821  Install_GDT
             825               825  Load_Root
             853               853  EnterProtectedMode
             874               874  ProtectedMode
             883               883  CopyImage
             8A7               8A7  EXECUTE
             8B0               8B0  print_string
             8BC               8BC  print_string.done

