
Allocating common symbols
Common symbol       size              file

_ready_queue        0x4               task.o
_Mem_Chunk          0xf0              ckernel.o
_offs               0x4               paging.o
_idt                0x800             idt.o
_initrd_header      0x4               initrd.o
_gdt                0x30              gdt.o
_tss                0x68              descriptor_tables.o
_buf                0x2000            ckernel.o
_gdt_entries        0x30              descriptor_tables.o
_initrd_root        0x4               initrd.o
_address_user       0x4               ckernel.o
_initial_esp        0x4               ckernel.o
_initrd_dev         0x4               initrd.o
_file_headers       0x4               initrd.o
_irq_routines       0x200             irq.o
_ODA                0x4c              shared_pages.o
_eticks             0x4               timer.o
_current_task       0x4               task.o
_dirent             0x84              initrd.o
_ind                0x4               paging.o
_frames             0x4               paging.o
_idt_register       0x6               idt.o
_root_nodes         0x4               initrd.o
_address_TEST       0x2000            ckernel.o
_nroot_nodes        0x4               initrd.o
_idt_ptr            0x6               descriptor_tables.o
_idt_entries        0x800             descriptor_tables.o
_gdt_register       0x6               gdt.o
_gdt_ptr            0x6               descriptor_tables.o

Memory Configuration

Name             Origin             Length             Attributes
*default*        0x00000000         0xffffffff

Linker script and memory map

                0x00040000                . = 0x40000

.text           0x00040000     0x4a92
                0x00040000                __code_start = .
 *(EXCLUDE_FILE(data.o shared_pages.o) .text)
 .text          0x00040000       0x30 kernel.o
                0x00040000                KernelStart
 .text          0x00040030       0x2d flush.o
                0x0004004d                _idt_flush
                0x00040055                _tss_flush
                0x00040030                _gdt_flush
 *fill*         0x0004005d        0x3 00
 .text          0x00040060      0x1d7 isr.o
                0x00040108                _isr20
                0x000401a3                _irq2
                0x0004012b                _isr25
                0x000400e7                _isr15
                0x000400c2                _isr10
                0x000400fa                _isr18
                0x0004015c                _isr127
                0x0004011d                _isr23
                0x0004009c                _isr6
                0x000401c6                _irq7
                0x00040060                _isr0
                0x00040195                _irq0
                0x000401b8                _irq5
                0x0004010f                _isr21
                0x000401f7                _irq14
                0x000401cd                _irq8
                0x000400b8                _isr9
                0x00040140                _isr28
                0x00040092                _isr5
                0x00040132                _isr26
                0x00040147                _isr29
                0x00040155                _isr31
                0x0004006a                _isr1
                0x000400ca                _isr11
                0x000400ee                _isr16
                0x00040074                _isr2
                0x000400da                _isr13
                0x00040124                _isr24
                0x00040088                _isr4
                0x000401bf                _irq6
                0x000401e2                _irq11
                0x00040182                _fault_tail
                0x000401b1                _irq4
                0x000401f0                _irq13
                0x0004007e                _isr3
                0x000400a6                _isr7
                0x00040139                _isr27
                0x00040224                _irq_tail
                0x0004014e                _isr30
                0x00040101                _isr19
                0x000400e2                _isr14
                0x000401d4                _irq9
                0x000400f5                _isr17
                0x000401db                _irq10
                0x000401fe                _irq15
                0x000400d2                _isr12
                0x000400b0                _isr8
                0x0004019c                _irq1
                0x00040116                _isr22
                0x000401e9                _irq12
                0x000401aa                _irq3
 *fill*         0x00040237        0x9 00
 .text          0x00040240       0x3b process.o
                0x00040240                _read_eip
                0x00040243                _copy_page_physical
 *fill*         0x0004027b        0x1 00
 .text          0x0004027c      0x987 ckernel.o
                0x0004027c                _main
 *fill*         0x00040c03        0x1 00
 .text          0x00040c04       0x7d cmos.o
                0x00040c04                _cmos_write
                0x00040c4a                _cmos_read
 *fill*         0x00040c81        0x3 00
 .text          0x00040c84       0x93 descriptor_tables.o
                0x00040c91                _write_tss
                0x00040c84                _set_kernel_stack
 *fill*         0x00040d17        0x1 00
 .text          0x00040d18      0x928 flpydsk.o
                0x00040de4                _flpydsk_disable_controller
                0x00040d18                _flpydsk_wait_irq
                0x000411f8                _flpydsk_install
                0x00040f39                _flpydsk_read_status
                0x00041227                _flpydsk_transfer_sector
                0x00040fd7                _flpydsk_read_data
                0x000413f4                _flpydsk_read_sector
                0x00041175                _flpydsk_reset
                0x00041484                _flpydsk_read_directory
                0x00040df6                _flpydsk_control_motor
                0x00040d9e                _flpydsk_write_ccr
                0x000410d0                _flpydsk_calibrate
                0x00040f8b                _flpydsk_drive_data
                0x00040f4b                _flpydsk_send_command
                0x0004103a                _flpydsk_seek
                0x00040d83                _flpydsk_set_working_drive
                0x00040d94                _flpydsk_get_working_drive
                0x00040d2d                _i86_flpy_irq
                0x00040e87                _flpydsk_dma_read
                0x00040dd2                _flpydsk_enable_controller
                0x00040d39                _flpydsk_lba_to_chs
                0x00040eb3                _flpydsk_initialize_dma
                0x0004135d                _flpydsk_write_sector
                0x0004100e                _flpydsk_check_int
                0x00040e5b                _flpydsk_dma_write
                0x00040db8                _flpydsk_write_dor
 .text          0x00041640       0xf0 fs.o
                0x000416c4                _readdir_fs
                0x000416a6                _close_fs
                0x00041688                _open_fs
                0x00041664                _write_fs
                0x000416fa                _finddir_fs
                0x00041640                _read_fs
 .text          0x00041730       0xf3 gdt.o
                0x0004177f                _gdt_install
                0x00041730                _gdt_set_gate
 *fill*         0x00041823        0x1 00
 .text          0x00041824       0x6f idt.o
                0x00041858                _idt_install
                0x00041824                _idt_set_gate
 *fill*         0x00041893        0x1 00
 .text          0x00041894      0x510 initrd.o
                0x00041894                _install_initrd
 .text          0x00041da4      0x276 irq.o
                0x00041e36                _irq_remap
                0x00041dc9                _irq_handler
                0x00041db6                _irq_uninstall_handler
                0x00041ec5                _irq_install
                0x00041da4                _irq_install_handler
 *fill*         0x0004201a        0x2 00
 .text          0x0004201c      0x4b9 isrs.o
                0x0004201c                _fault_handler
                0x00042227                _isrs_install
 *fill*         0x000424d5        0x3 00
 .text          0x000424d8      0x2c2 keyboard.o
                0x000426e1                _ScanToASCII
                0x00042616                _FetchAndAnalyzeScancode
                0x0004274b                _keyboard_handler
                0x000425d2                _keyboard_init
                0x00042521                _k_checkKQ_and_print_char
                0x000424d8                _k_checkKQ_and_return_char
                0x000425fa                _keyboard_install
 *fill*         0x0004279a        0x2 00
 .text          0x0004279c      0x66d kheap.o
                0x000427b0                _free
                0x00042d29                _create_heap
                0x00042a18                _alloc
                0x000429ff                _kfree
 *fill*         0x00042e09        0x3 00
 .text          0x00042e0c       0x40 math.o
                0x00042e3e                _k_abs
                0x00042e0c                _k_power
 .text          0x00042e4c      0x1cc ordered_array.o
                0x00042e4c                _standard_lessthan_predicate
                0x00042fcd                _create_ordered_array
                0x00042e9a                _lookup_ordered_array
                0x00042ecd                _insert_ordered_array
                0x00042f78                _destroy_ordered_array
                0x00042e5a                _remove_ordered_array
                0x00042f8d                _place_ordered_array
 .text          0x00043018      0x7d4 paging.o
                0x00043035                _free_frame
                0x00043077                _alloc_frame
                0x00043531                _analyze_physical_addresses
                0x0004332b                _clone_directory
                0x00043501                _show_physical_address
                0x0004317e                _analyze_frames_bitset
                0x0004347f                _get_page
                0x0004328e                _k_malloc
                0x0004362b                _paging_install
 .text          0x000437ec       0xd6 pci.o
                0x000437ec                _pci_config_write_dword
                0x0004383c                _pci_config_read
 *fill*         0x000438c2        0x2 00
 .text          0x000438c4       0xea syscall.o
                0x00043969                _syscall_handler
                0x000438d9                _syscall_putch
                0x00043949                _syscall_k_checkKQ_and_return_char
                0x00043929                _syscall_switch_context
                0x00043909                _syscall_getpid
                0x00043939                _syscall_k_checkKQ_and_print_char
                0x000438ef                _syscall_settextcolor
                0x00043959                _syscall_flpydsk_read_directory
                0x00043919                _syscall_nop
                0x000438c4                _syscall_puts
 *fill*         0x000439ae        0x2 00
 .text          0x000439b0      0x55f task.o
                0x000439b0                _getpid
                0x00043b9a                _tasking_install
                0x000439bc                _task_switch
                0x00043edc                _log_task_list
                0x00043d7c                _task_log
                0x00043c31                _TSS_log
                0x00043e06                _fork
                0x00043a3a                _switch_context
                0x00043a41                _create_task
 *fill*         0x00043f0f        0x1 00
 .text          0x00043f10      0x103 timer.o
                0x00043f84                _timer_install
                0x00043ff6                _sleepSeconds
                0x00043f3c                _systemTimer_setFrequency
                0x00043f2a                _timer_uninstall
                0x00043fa7                _timer_wait
                0x00043f10                _timer_handler
                0x00043fd8                _sleepMilliSeconds
 *fill*         0x00044013        0x1 00
 .text          0x00044014      0x48e util.o
                0x00044099                _fetchDS
                0x000441ca                _k_strcat
                0x0004401a                _cli
                0x00044092                _fetchCS
                0x00044080                _fetchEBP
                0x000440f4                _k_memset
                0x00044181                _k_strcpy
                0x00044406                _k_memshow
                0x00044306                _float2string
                0x000440c2                _outportl
                0x00044134                _k_strlen
                0x0004408b                _fetchSS
                0x00044020                _nop
                0x00044438                _panic_assert
                0x000440ab                _inportl
                0x00044075                _fetchESP
                0x000440b6                _outportb
                0x00044158                _k_strcmp
                0x00044115                _k_memsetw
                0x000441eb                _reboot
                0x00044220                _k_itoa
                0x00044197                _k_strncpy
                0x00044014                _sti
                0x000442b1                _k_i2hex
                0x00044026                _initODA
                0x000440ce                _k_memcpy
                0x000440a0                _inportb
 *fill*         0x000444a2        0x2 00
 .text          0x000444a4      0x5ee video.o
                0x0004450c                _restore_cursor
                0x000449cb                _k_printf
                0x000444bd                _move_cursor_right
                0x00044a52                _k_clear_screen
                0x00044628                _putch
                0x00044a2a                _move_cursor_end
                0x0004481a                _puts
                0x00044a3e                _move_cursor_home
                0x00044558                _scroll
                0x00044845                _printformat
                0x00044532                _save_cursor
                0x000445c9                _update_cursor
                0x00044a0d                _set_cursor
                0x000444a4                _settextcolor
                0x000444de                _move_cursor_left
                0x00045000                . = ALIGN (0x1000)

.text1          0x00045000        0xa
 shared_pages.o(.text)
 .text          0x00045000        0xa shared_pages.o
                0x00045000                _getAddressUserProgram
                0x00046000                . = ALIGN (0x1000)

.text2          0x00046000     0x1a56
 data.o(.text)
 .text          0x00046000     0x1a56 data.o
                0x00046000                _file_data_start
                0x00047a56                _file_data_end

.data           0x00047a60       0x9c
                0x00047a60                __data_start = .
 *(.data)
 .data          0x00047a60        0x0 shared_pages.o
 .data          0x00047a60        0x0 ckernel.o
 .data          0x00047a60        0x0 cmos.o
 .data          0x00047a60        0x0 descriptor_tables.o
 .data          0x00047a60        0x0 flpydsk.o
 .data          0x00047a60        0x0 fs.o
 .data          0x00047a60        0x0 gdt.o
 .data          0x00047a60        0x0 idt.o
 .data          0x00047a60        0x0 initrd.o
 .data          0x00047a60        0x0 irq.o
 .data          0x00047a60       0x80 isrs.o
                0x00047a60                _exception_messages
 .data          0x00047ae0        0x0 keyboard.o
 .data          0x00047ae0        0x0 kheap.o
 .data          0x00047ae0        0x0 math.o
 .data          0x00047ae0        0x0 ordered_array.o
 .data          0x00047ae0        0x8 paging.o
                0x00047ae4                _placement_address
                0x00047ae0                _uint32_t_MAX
 .data          0x00047ae8        0x0 pci.o
 .data          0x00047ae8        0x0 syscall.o
 .data          0x00047ae8        0x4 task.o
                0x00047ae8                _next_pid
 .data          0x00047aec        0x0 timer.o
 .data          0x00047aec        0x8 util.o
                0x00047af0                _pODA
                0x00047aec                _INT_MAX
 .data          0x00047af4        0x8 video.o
                0x00047af4                _attrib
                0x00047af8                _vidmem

.rodata         0x00047b00      0x22a
                0x00047b00                __rodata_start = .
 *(.rodata)
 .rodata        0x00047b00       0x1c flpydsk.o
                0x00047b00                _FLOPPY_IRQ
                0x00047b08                _MOTOR_SPIN_UP_TURN_OFF_TIME
                0x00047b04                _FLPY_SECTORS_PER_TRACK
 *fill*         0x00047b1c        0x4 00
 .rodata        0x00047b20      0x159 keyboard.o
 *fill*         0x00047c79        0x7 00
 .rodata        0x00047c80       0x24 syscall.o
 .rodata        0x00047ca4       0x86 video.o
                0x00047d29                _LINES
                0x00047d28                _COLUMNS
 *(.rdata)

.rodata.str1.1  0x00047d2a      0x4d6
 .rodata.str1.1
                0x00047d2a       0xeb ckernel.o
 .rodata.str1.1
                0x00047e15       0x70 flpydsk.o
 .rodata.str1.1
                0x00047e85        0xc initrd.o
 .rodata.str1.1
                0x00047e91      0x198 isrs.o
 .rodata.str1.1
                0x00048029        0x3 keyboard.o
 .rodata.str1.1
                0x0004802c       0x88 kheap.o
 .rodata.str1.1
                0x000480b4       0x31 ordered_array.o
 .rodata.str1.1
                0x000480e5        0xd paging.o
 .rodata.str1.1
                0x000480f2       0xd1 task.o
 .rodata.str1.1
                0x000481c3       0x3d util.o

.rodata.str1.4  0x00048200      0x2f1
 .rodata.str1.4
                0x00048200       0xc7 ckernel.o
 *fill*         0x000482c7        0x1 00
 .rodata.str1.4
                0x000482c8       0x33 flpydsk.o
 *fill*         0x000482fb        0x1 00
 .rodata.str1.4
                0x000482fc      0x11d isrs.o
 *fill*         0x00048419        0x3 00
 .rodata.str1.4
                0x0004841c       0xa8 kheap.o
 .rodata.str1.4
                0x000484c4       0x2d paging.o

.rodata.cst4    0x000484f4        0x4
 .rodata.cst4   0x000484f4        0x4 util.o

.bss            0x00048500     0x55d8
                0x00048500                __bss_start = .
 *(.bss)
 .bss           0x00048500        0x0 shared_pages.o
 .bss           0x00048500        0x8 ckernel.o
                0x00048504                _kheap
                0x00048500                _flag1
 .bss           0x00048508        0x0 cmos.o
 .bss           0x00048508        0x0 descriptor_tables.o
 .bss           0x00048508        0x2 flpydsk.o
 *fill*         0x0004850a        0x2 00
 .bss           0x0004850c        0x4 fs.o
                0x0004850c                _fs_root
 .bss           0x00048510        0x0 gdt.o
 .bss           0x00048510        0x0 idt.o
 .bss           0x00048510        0x0 initrd.o
 .bss           0x00048510        0x0 irq.o
 .bss           0x00048510        0x0 isrs.o
 .bss           0x00048510        0x5 keyboard.o
                0x00048510                _ShiftKeyDown
                0x00048511                _AltGrKeyDown
                0x00048513                _curScan
                0x00048514                _prevScan
                0x00048512                _KeyPressed
 *fill*         0x00048515        0x3 00
 .bss           0x00048518        0x0 kheap.o
 .bss           0x00048518        0x0 math.o
 .bss           0x00048518        0x0 ordered_array.o
 .bss           0x00048518        0x8 paging.o
                0x0004851c                _current_directory
                0x00048518                _kernel_directory
 .bss           0x00048520        0x0 pci.o
 .bss           0x00048520        0x0 syscall.o
 .bss           0x00048520        0x0 task.o
 .bss           0x00048520        0x4 timer.o
                0x00048520                _timer_ticks
 .bss           0x00048524        0x0 util.o
 .bss           0x00048524        0x4 video.o
                0x00048524                _csr_x
                0x00048527                _saved_csr_y
                0x00048525                _csr_y
                0x00048526                _saved_csr_x
 *(COMMON)
 *fill*         0x00048528       0x18 00
 COMMON         0x00048540       0x4c shared_pages.o
                0x00048540                _ODA
 *fill*         0x0004858c       0x14 00
 COMMON         0x000485a0     0x4120 ckernel.o
                0x000485a0                _Mem_Chunk
                0x000486a0                _buf
                0x0004a6a0                _address_user
                0x0004a6a4                _initial_esp
                0x0004a6c0                _address_TEST
 COMMON         0x0004c6c0      0x8c6 descriptor_tables.o
                0x0004c6c0                _tss
                0x0004c740                _gdt_entries
                0x0004c770                _idt_ptr
                0x0004c780                _idt_entries
                0x0004cf80                _gdt_ptr
 *fill*         0x0004cf86       0x1a 00
 COMMON         0x0004cfa0       0x36 gdt.o
                0x0004cfa0                _gdt
                0x0004cfd0                _gdt_register
 *fill*         0x0004cfd6        0xa 00
 COMMON         0x0004cfe0      0x806 idt.o
                0x0004cfe0                _idt
                0x0004d7e0                _idt_register
 *fill*         0x0004d7e6       0x1a 00
 COMMON         0x0004d800       0xac initrd.o
                0x0004d800                _initrd_header
                0x0004d804                _initrd_root
                0x0004d808                _initrd_dev
                0x0004d80c                _file_headers
                0x0004d820                _dirent
                0x0004d8a4                _root_nodes
                0x0004d8a8                _nroot_nodes
 *fill*         0x0004d8ac       0x14 00
 COMMON         0x0004d8c0      0x200 irq.o
                0x0004d8c0                _irq_routines
 COMMON         0x0004dac0        0xc paging.o
                0x0004dac0                _offs
                0x0004dac4                _ind
                0x0004dac8                _frames
 COMMON         0x0004dacc        0x8 task.o
                0x0004dacc                _ready_queue
                0x0004dad0                _current_task
 COMMON         0x0004dad4        0x4 timer.o
                0x0004dad4                _eticks
                0x0004dad8                __end = .
LOAD kernel.o
LOAD data.o
LOAD flush.o
LOAD isr.o
LOAD process.o
LOAD ckernel.o
LOAD cmos.o
LOAD descriptor_tables.o
LOAD flpydsk.o
LOAD fs.o
LOAD gdt.o
LOAD idt.o
LOAD initrd.o
LOAD irq.o
LOAD isrs.o
LOAD keyboard.o
LOAD kheap.o
LOAD math.o
LOAD ordered_array.o
LOAD paging.o
LOAD pci.o
LOAD shared_pages.o
LOAD syscall.o
LOAD task.o
LOAD timer.o
LOAD util.o
LOAD video.o
OUTPUT(ckernel.sys binary)

.comment        0x00000000      0x227
 .comment       0x00000000       0x12 shared_pages.o
 .comment       0x00000012       0x1f data.o
 .comment       0x00000031       0x1f kernel.o
 .comment       0x00000050       0x1f flush.o
 .comment       0x0000006f       0x1f isr.o
 .comment       0x0000008e       0x1f process.o
 .comment       0x000000ad       0x12 ckernel.o
 .comment       0x000000bf       0x12 cmos.o
 .comment       0x000000d1       0x12 descriptor_tables.o
 .comment       0x000000e3       0x12 flpydsk.o
 .comment       0x000000f5       0x12 fs.o
 .comment       0x00000107       0x12 gdt.o
 .comment       0x00000119       0x12 idt.o
 .comment       0x0000012b       0x12 initrd.o
 .comment       0x0000013d       0x12 irq.o
 .comment       0x0000014f       0x12 isrs.o
 .comment       0x00000161       0x12 keyboard.o
 .comment       0x00000173       0x12 kheap.o
 .comment       0x00000185       0x12 math.o
 .comment       0x00000197       0x12 ordered_array.o
 .comment       0x000001a9       0x12 paging.o
 .comment       0x000001bb       0x12 pci.o
 .comment       0x000001cd       0x12 syscall.o
 .comment       0x000001df       0x12 task.o
 .comment       0x000001f1       0x12 timer.o
 .comment       0x00000203       0x12 util.o
 .comment       0x00000215       0x12 video.o
