
Allocating common symbols
Common symbol       size              file

_ready_queue        0x4               task.o
_Mem_Chunk          0xf0              ckernel.o
_offs               0x4               paging.o
_idt                0x800             idt.o
_initrd_header      0x4               initrd.o
_gdt                0x30              gdt.o
_kheap              0x4               ckernel.o
_tss                0x68              descriptor_tables.o
_buf                0x2000            ckernel.o
_gdt_entries        0x30              descriptor_tables.o
_initrd_root        0x4               initrd.o
_address_user       0x4               ckernel.o
_initial_esp        0x4               ckernel.o
_initrd_dev         0x4               initrd.o
_file_headers       0x4               initrd.o
_irq_routines       0x200             irq.o
_pciDev_Array       0x1130            ckernel.o
_ODA                0x4c              shared_pages.o
_eticks             0x4               timer.o
_current_task       0x4               task.o
_dirent             0x84              initrd.o
_ind                0x4               paging.o
_frames             0x4               paging.o
_idt_register       0x6               idt.o
_root_nodes         0x4               initrd.o
_address_TEST       0x2000            ckernel.o
_nroot_nodes        0x4               initrd.o
_idt_ptr            0x6               descriptor_tables.o
_idt_entries        0x800             descriptor_tables.o
_gdt_register       0x6               gdt.o
_gdt_ptr            0x6               descriptor_tables.o

Memory Configuration

Name             Origin             Length             Attributes
*default*        0x00000000         0xffffffff

Linker script and memory map

                0x00040000                . = 0x40000

.text           0x00040000     0x4d12
                0x00040000                __code_start = .
 *(EXCLUDE_FILE(data.o shared_pages.o) .text)
 .text          0x00040000       0x30 kernel.o
                0x00040000                KernelStart
 .text          0x00040030       0x2d flush.o
                0x0004004d                _idt_flush
                0x00040055                _tss_flush
                0x00040030                _gdt_flush
 *fill*         0x0004005d        0x3 00
 .text          0x00040060      0x1d7 isr.o
                0x00040108                _isr20
                0x000401a3                _irq2
                0x0004012b                _isr25
                0x000400e7                _isr15
                0x000400c2                _isr10
                0x000400fa                _isr18
                0x0004015c                _isr127
                0x0004011d                _isr23
                0x0004009c                _isr6
                0x000401c6                _irq7
                0x00040060                _isr0
                0x00040195                _irq0
                0x000401b8                _irq5
                0x0004010f                _isr21
                0x000401f7                _irq14
                0x000401cd                _irq8
                0x000400b8                _isr9
                0x00040140                _isr28
                0x00040092                _isr5
                0x00040132                _isr26
                0x00040147                _isr29
                0x00040155                _isr31
                0x0004006a                _isr1
                0x000400ca                _isr11
                0x000400ee                _isr16
                0x00040074                _isr2
                0x000400da                _isr13
                0x00040124                _isr24
                0x00040088                _isr4
                0x000401bf                _irq6
                0x000401e2                _irq11
                0x00040182                _fault_tail
                0x000401b1                _irq4
                0x000401f0                _irq13
                0x0004007e                _isr3
                0x000400a6                _isr7
                0x00040139                _isr27
                0x00040224                _irq_tail
                0x0004014e                _isr30
                0x00040101                _isr19
                0x000400e2                _isr14
                0x000401d4                _irq9
                0x000400f5                _isr17
                0x000401db                _irq10
                0x000401fe                _irq15
                0x000400d2                _isr12
                0x000400b0                _isr8
                0x0004019c                _irq1
                0x00040116                _isr22
                0x000401e9                _irq12
                0x000401aa                _irq3
 *fill*         0x00040237        0x9 00
 .text          0x00040240       0x3b process.o
                0x00040240                _read_eip
                0x00040243                _copy_page_physical
 *fill*         0x0004027b        0x1 00
 .text          0x0004027c      0x542 ckernel.o
                0x0004027c                _main
 *fill*         0x000407be        0x2 00
 .text          0x000407c0       0x7d cmos.o
                0x000407c0                _cmos_write
                0x00040806                _cmos_read
 *fill*         0x0004083d        0x3 00
 .text          0x00040840       0x93 descriptor_tables.o
                0x0004084d                _write_tss
                0x00040840                _set_kernel_stack
 *fill*         0x000408d3        0x1 00
 .text          0x000408d4      0x931 flpydsk.o
                0x000409a0                _flpydsk_disable_controller
                0x000408d4                _flpydsk_wait_irq
                0x00040db4                _flpydsk_install
                0x00040af5                _flpydsk_read_status
                0x00040de3                _flpydsk_transfer_sector
                0x00040b93                _flpydsk_read_data
                0x00040fb9                _flpydsk_read_sector
                0x00040d31                _flpydsk_reset
                0x00041049                _flpydsk_read_directory
                0x000409b2                _flpydsk_control_motor
                0x0004095a                _flpydsk_write_ccr
                0x00040c8c                _flpydsk_calibrate
                0x00040b47                _flpydsk_drive_data
                0x00040b07                _flpydsk_send_command
                0x00040bf6                _flpydsk_seek
                0x0004093f                _flpydsk_set_working_drive
                0x00040950                _flpydsk_get_working_drive
                0x000408e9                _i86_flpy_irq
                0x00040a43                _flpydsk_dma_read
                0x0004098e                _flpydsk_enable_controller
                0x000408f5                _flpydsk_lba_to_chs
                0x00040a6f                _flpydsk_initialize_dma
                0x00040f22                _flpydsk_write_sector
                0x00040bca                _flpydsk_check_int
                0x00040a17                _flpydsk_dma_write
                0x00040974                _flpydsk_write_dor
 *fill*         0x00041205        0x3 00
 .text          0x00041208       0xf0 fs.o
                0x0004128c                _readdir_fs
                0x0004126e                _close_fs
                0x00041250                _open_fs
                0x0004122c                _write_fs
                0x000412c2                _finddir_fs
                0x00041208                _read_fs
 .text          0x000412f8       0xf3 gdt.o
                0x00041347                _gdt_install
                0x000412f8                _gdt_set_gate
 *fill*         0x000413eb        0x1 00
 .text          0x000413ec       0x6f idt.o
                0x00041420                _idt_install
                0x000413ec                _idt_set_gate
 *fill*         0x0004145b        0x1 00
 .text          0x0004145c      0x510 initrd.o
                0x0004145c                _install_initrd
 .text          0x0004196c      0x276 irq.o
                0x000419fe                _irq_remap
                0x00041991                _irq_handler
                0x0004197e                _irq_uninstall_handler
                0x00041a8d                _irq_install
                0x0004196c                _irq_install_handler
 *fill*         0x00041be2        0x2 00
 .text          0x00041be4      0x4b9 isrs.o
                0x00041be4                _fault_handler
                0x00041def                _isrs_install
 *fill*         0x0004209d        0x3 00
 .text          0x000420a0      0x2c2 keyboard.o
                0x000422a9                _ScanToASCII
                0x000421de                _FetchAndAnalyzeScancode
                0x00042313                _keyboard_handler
                0x0004219a                _keyboard_init
                0x000420e9                _k_checkKQ_and_print_char
                0x000420a0                _k_checkKQ_and_return_char
                0x000421c2                _keyboard_install
 *fill*         0x00042362        0x2 00
 .text          0x00042364      0x66d kheap.o
                0x00042378                _free
                0x000428f1                _create_heap
                0x000425e0                _alloc
                0x000425c7                _kfree
 *fill*         0x000429d1        0x3 00
 .text          0x000429d4      0x1a7 list.o
                0x00042aec                _listInput
                0x00042a22                _listShow
                0x000429d4                _listShowElement
                0x00042a6e                _listAppend
                0x00042abd                _listCreate
                0x00042b35                _listDeleteAll
 *fill*         0x00042b7b        0x1 00
 .text          0x00042b7c       0x40 math.o
                0x00042bae                _k_abs
                0x00042b7c                _k_power
 .text          0x00042bbc      0x1cc ordered_array.o
                0x00042bbc                _standard_lessthan_predicate
                0x00042d3d                _create_ordered_array
                0x00042c0a                _lookup_ordered_array
                0x00042c3d                _insert_ordered_array
                0x00042ce8                _destroy_ordered_array
                0x00042bca                _remove_ordered_array
                0x00042cfd                _place_ordered_array
 .text          0x00042d88      0x7d4 paging.o
                0x00042da5                _free_frame
                0x00042de7                _alloc_frame
                0x000432a1                _analyze_physical_addresses
                0x0004309b                _clone_directory
                0x00043271                _show_physical_address
                0x00042eee                _analyze_frames_bitset
                0x000431ef                _get_page
                0x00042ffe                _k_malloc
                0x0004339b                _paging_install
 .text          0x0004355c      0x5e6 pci.o
                0x0004355c                _pci_config_write_dword
                0x000435ac                _pci_config_read
                0x00043632                _pciScan
 *fill*         0x00043b42        0x2 00
 .text          0x00043b44       0xea syscall.o
                0x00043be9                _syscall_handler
                0x00043b59                _syscall_putch
                0x00043bc9                _syscall_k_checkKQ_and_return_char
                0x00043ba9                _syscall_switch_context
                0x00043b89                _syscall_getpid
                0x00043bb9                _syscall_k_checkKQ_and_print_char
                0x00043b6f                _syscall_settextcolor
                0x00043bd9                _syscall_flpydsk_read_directory
                0x00043b99                _syscall_nop
                0x00043b44                _syscall_puts
 *fill*         0x00043c2e        0x2 00
 .text          0x00043c30      0x55f task.o
                0x00043c30                _getpid
                0x00043e1a                _tasking_install
                0x00043c3c                _task_switch
                0x0004415c                _log_task_list
                0x00043ffc                _task_log
                0x00043eb1                _TSS_log
                0x00044086                _fork
                0x00043cba                _switch_context
                0x00043cc1                _create_task
 *fill*         0x0004418f        0x1 00
 .text          0x00044190      0x103 timer.o
                0x00044204                _timer_install
                0x00044276                _sleepSeconds
                0x000441bc                _systemTimer_setFrequency
                0x000441aa                _timer_uninstall
                0x00044227                _timer_wait
                0x00044190                _timer_handler
                0x00044258                _sleepMilliSeconds
 *fill*         0x00044293        0x1 00
 .text          0x00044294      0x48e util.o
                0x00044319                _fetchDS
                0x0004444a                _k_strcat
                0x0004429a                _cli
                0x00044312                _fetchCS
                0x00044300                _fetchEBP
                0x00044374                _k_memset
                0x00044401                _k_strcpy
                0x00044686                _k_memshow
                0x00044586                _float2string
                0x00044342                _outportl
                0x000443b4                _k_strlen
                0x0004430b                _fetchSS
                0x000442a0                _nop
                0x000446b8                _panic_assert
                0x0004432b                _inportl
                0x000442f5                _fetchESP
                0x00044336                _outportb
                0x000443d8                _k_strcmp
                0x00044395                _k_memsetw
                0x0004446b                _reboot
                0x000444a0                _k_itoa
                0x00044417                _k_strncpy
                0x00044294                _sti
                0x00044531                _k_i2hex
                0x000442a6                _initODA
                0x0004434e                _k_memcpy
                0x00044320                _inportb
 *fill*         0x00044722        0x2 00
 .text          0x00044724      0x5ee video.o
                0x0004478c                _restore_cursor
                0x00044c4b                _k_printf
                0x0004473d                _move_cursor_right
                0x00044cd2                _k_clear_screen
                0x000448a8                _putch
                0x00044caa                _move_cursor_end
                0x00044a9a                _puts
                0x00044cbe                _move_cursor_home
                0x000447d8                _scroll
                0x00044ac5                _printformat
                0x000447b2                _save_cursor
                0x00044849                _update_cursor
                0x00044c8d                _set_cursor
                0x00044724                _settextcolor
                0x0004475e                _move_cursor_left
                0x00045000                . = ALIGN (0x1000)

.text1          0x00045000        0xa
 shared_pages.o(.text)
 .text          0x00045000        0xa shared_pages.o
                0x00045000                _getAddressUserProgram
                0x00046000                . = ALIGN (0x1000)

.text2          0x00046000     0x1ff9
 data.o(.text)
 .text          0x00046000     0x1ff9 data.o
                0x00046000                _file_data_start
                0x00047ff9                _file_data_end

.data           0x00048000       0x9c
                0x00048000                __data_start = .
 *(.data)
 .data          0x00048000        0x0 shared_pages.o
 .data          0x00048000        0x0 ckernel.o
 .data          0x00048000        0x0 cmos.o
 .data          0x00048000        0x0 descriptor_tables.o
 .data          0x00048000        0x0 flpydsk.o
 .data          0x00048000        0x0 fs.o
 .data          0x00048000        0x0 gdt.o
 .data          0x00048000        0x0 idt.o
 .data          0x00048000        0x0 initrd.o
 .data          0x00048000        0x0 irq.o
 .data          0x00048000       0x80 isrs.o
                0x00048000                _exception_messages
 .data          0x00048080        0x0 keyboard.o
 .data          0x00048080        0x0 kheap.o
 .data          0x00048080        0x0 list.o
 .data          0x00048080        0x0 math.o
 .data          0x00048080        0x0 ordered_array.o
 .data          0x00048080        0x8 paging.o
                0x00048084                _placement_address
                0x00048080                _uint32_t_MAX
 .data          0x00048088        0x0 pci.o
 .data          0x00048088        0x0 syscall.o
 .data          0x00048088        0x4 task.o
                0x00048088                _next_pid
 .data          0x0004808c        0x0 timer.o
 .data          0x0004808c        0x8 util.o
                0x00048090                _pODA
                0x0004808c                _INT_MAX
 .data          0x00048094        0x8 video.o
                0x00048094                _attrib
                0x00048098                _vidmem

.rodata         0x000480a0      0x22a
                0x000480a0                __rodata_start = .
 *(.rodata)
 .rodata        0x000480a0       0x1c flpydsk.o
                0x000480a0                _FLOPPY_IRQ
                0x000480a8                _MOTOR_SPIN_UP_TURN_OFF_TIME
                0x000480a4                _FLPY_SECTORS_PER_TRACK
 *fill*         0x000480bc        0x4 00
 .rodata        0x000480c0      0x159 keyboard.o
 *fill*         0x00048219        0x7 00
 .rodata        0x00048220       0x24 syscall.o
 .rodata        0x00048244       0x86 video.o
                0x000482c9                _LINES
                0x000482c8                _COLUMNS
 *(.rdata)

.rodata.str1.1  0x000482ca      0x592
 .rodata.str1.1
                0x000482ca       0xb3 ckernel.o
 .rodata.str1.1
                0x0004837d       0x70 flpydsk.o
 .rodata.str1.1
                0x000483ed        0xc initrd.o
 .rodata.str1.1
                0x000483f9      0x198 isrs.o
 .rodata.str1.1
                0x00048591        0x3 keyboard.o
 .rodata.str1.1
                0x00048594       0x88 kheap.o
 .rodata.str1.1
                0x0004861c       0x27 list.o
 .rodata.str1.1
                0x00048643       0x31 ordered_array.o
 .rodata.str1.1
                0x00048674        0xd paging.o
 .rodata.str1.1
                0x00048681       0xcd pci.o
 .rodata.str1.1
                0x0004874e       0xd1 task.o
 .rodata.str1.1
                0x0004881f       0x3d util.o

.rodata.str1.4  0x0004885c      0x2a9
 .rodata.str1.4
                0x0004885c       0x7f ckernel.o
 *fill*         0x000488db        0x1 00
 .rodata.str1.4
                0x000488dc       0x33 flpydsk.o
 *fill*         0x0004890f        0x1 00
 .rodata.str1.4
                0x00048910      0x11d isrs.o
 *fill*         0x00048a2d        0x3 00
 .rodata.str1.4
                0x00048a30       0xa8 kheap.o
 .rodata.str1.4
                0x00048ad8       0x2d paging.o

.rodata.cst4    0x00048b08        0x4
 .rodata.cst4   0x00048b08        0x4 util.o

.bss            0x00048b20     0x6718
                0x00048b20                __bss_start = .
 *(.bss)
 .bss           0x00048b20        0x0 shared_pages.o
 .bss           0x00048b20        0x1 ckernel.o
                0x00048b20                _flag1
 *fill*         0x00048b21        0x3 00
 .bss           0x00048b24        0x0 cmos.o
 .bss           0x00048b24        0x0 descriptor_tables.o
 .bss           0x00048b24        0x2 flpydsk.o
 *fill*         0x00048b26        0x2 00
 .bss           0x00048b28        0x4 fs.o
                0x00048b28                _fs_root
 .bss           0x00048b2c        0x0 gdt.o
 .bss           0x00048b2c        0x0 idt.o
 .bss           0x00048b2c        0x0 initrd.o
 .bss           0x00048b2c        0x0 irq.o
 .bss           0x00048b2c        0x0 isrs.o
 .bss           0x00048b2c        0x5 keyboard.o
                0x00048b2c                _ShiftKeyDown
                0x00048b2d                _AltGrKeyDown
                0x00048b2f                _curScan
                0x00048b30                _prevScan
                0x00048b2e                _KeyPressed
 *fill*         0x00048b31        0x3 00
 .bss           0x00048b34        0x0 kheap.o
 .bss           0x00048b34        0x0 list.o
 .bss           0x00048b34        0x0 math.o
 .bss           0x00048b34        0x0 ordered_array.o
 .bss           0x00048b34        0x8 paging.o
                0x00048b38                _current_directory
                0x00048b34                _kernel_directory
 .bss           0x00048b3c        0x0 pci.o
 .bss           0x00048b3c        0x0 syscall.o
 .bss           0x00048b3c        0x0 task.o
 .bss           0x00048b3c        0x4 timer.o
                0x00048b3c                _timer_ticks
 .bss           0x00048b40        0x0 util.o
 .bss           0x00048b40        0x4 video.o
                0x00048b40                _csr_x
                0x00048b43                _saved_csr_y
                0x00048b41                _csr_y
                0x00048b42                _saved_csr_x
 *(COMMON)
 *fill*         0x00048b44       0x1c 00
 COMMON         0x00048b60       0x4c shared_pages.o
                0x00048b60                _ODA
 *fill*         0x00048bac       0x14 00
 COMMON         0x00048bc0     0x5260 ckernel.o
                0x00048bc0                _Mem_Chunk
                0x00048cb0                _kheap
                0x00048cc0                _buf
                0x0004acc0                _address_user
                0x0004acc4                _initial_esp
                0x0004ace0                _pciDev_Array
                0x0004be20                _address_TEST
 COMMON         0x0004de20      0x8c6 descriptor_tables.o
                0x0004de20                _tss
                0x0004dea0                _gdt_entries
                0x0004ded0                _idt_ptr
                0x0004dee0                _idt_entries
                0x0004e6e0                _gdt_ptr
 *fill*         0x0004e6e6       0x1a 00
 COMMON         0x0004e700       0x36 gdt.o
                0x0004e700                _gdt
                0x0004e730                _gdt_register
 *fill*         0x0004e736        0xa 00
 COMMON         0x0004e740      0x806 idt.o
                0x0004e740                _idt
                0x0004ef40                _idt_register
 *fill*         0x0004ef46       0x1a 00
 COMMON         0x0004ef60       0xac initrd.o
                0x0004ef60                _initrd_header
                0x0004ef64                _initrd_root
                0x0004ef68                _initrd_dev
                0x0004ef6c                _file_headers
                0x0004ef80                _dirent
                0x0004f004                _root_nodes
                0x0004f008                _nroot_nodes
 *fill*         0x0004f00c       0x14 00
 COMMON         0x0004f020      0x200 irq.o
                0x0004f020                _irq_routines
 COMMON         0x0004f220        0xc paging.o
                0x0004f220                _offs
                0x0004f224                _ind
                0x0004f228                _frames
 COMMON         0x0004f22c        0x8 task.o
                0x0004f22c                _ready_queue
                0x0004f230                _current_task
 COMMON         0x0004f234        0x4 timer.o
                0x0004f234                _eticks
                0x0004f238                __end = .
LOAD kernel.o
LOAD data.o
LOAD flush.o
LOAD isr.o
LOAD process.o
LOAD ckernel.o
LOAD cmos.o
LOAD descriptor_tables.o
LOAD flpydsk.o
LOAD fs.o
LOAD gdt.o
LOAD idt.o
LOAD initrd.o
LOAD irq.o
LOAD isrs.o
LOAD keyboard.o
LOAD kheap.o
LOAD list.o
LOAD math.o
LOAD ordered_array.o
LOAD paging.o
LOAD pci.o
LOAD shared_pages.o
LOAD syscall.o
LOAD task.o
LOAD timer.o
LOAD util.o
LOAD video.o
OUTPUT(ckernel.sys binary)

.comment        0x00000000      0x19e
 .comment       0x00000000       0x12 shared_pages.o
 .comment       0x00000012       0x12 ckernel.o
 .comment       0x00000024       0x12 cmos.o
 .comment       0x00000036       0x12 descriptor_tables.o
 .comment       0x00000048       0x12 flpydsk.o
 .comment       0x0000005a       0x12 fs.o
 .comment       0x0000006c       0x12 gdt.o
 .comment       0x0000007e       0x12 idt.o
 .comment       0x00000090       0x12 initrd.o
 .comment       0x000000a2       0x12 irq.o
 .comment       0x000000b4       0x12 isrs.o
 .comment       0x000000c6       0x12 keyboard.o
 .comment       0x000000d8       0x12 kheap.o
 .comment       0x000000ea       0x12 list.o
 .comment       0x000000fc       0x12 math.o
 .comment       0x0000010e       0x12 ordered_array.o
 .comment       0x00000120       0x12 paging.o
 .comment       0x00000132       0x12 pci.o
 .comment       0x00000144       0x12 syscall.o
 .comment       0x00000156       0x12 task.o
 .comment       0x00000168       0x12 timer.o
 .comment       0x0000017a       0x12 util.o
 .comment       0x0000018c       0x12 video.o
