
Allocating common symbols
Common symbol       size              file

_ready_queue        0x4               task.o
_Mem_Chunk          0xf0              ckernel.o
_idt                0x800             idt.o
_initrd_header      0x4               initrd.o
_gdt                0x30              gdt.o
_tss                0x68              descriptor_tables.o
_buf                0x2000            ckernel.o
_gdt_entries        0x30              descriptor_tables.o
_initrd_root        0x4               initrd.o
_address_user       0x4               ckernel.o
_initial_esp        0x4               ckernel.o
_initrd_dev         0x4               initrd.o
_file_headers       0x4               initrd.o
_irq_routines       0x200             irq.o
_pciDev_Array       0x1130            ckernel.o
_ODA                0x4c              shared_pages.o
_eticks             0x4               timer.o
_current_task       0x4               task.o
_dirent             0x84              initrd.o
_idt_register       0x6               idt.o
_root_nodes         0x4               initrd.o
_address_TEST       0x2000            ckernel.o
_nroot_nodes        0x4               initrd.o
_idt_ptr            0x6               descriptor_tables.o
_idt_entries        0x800             descriptor_tables.o
_gdt_register       0x6               gdt.o
_gdt_ptr            0x6               descriptor_tables.o

Memory Configuration

Name             Origin             Length             Attributes
*default*        0x00000000         0xffffffff

Linker script and memory map

                0x00040000                . = 0x40000
                0x00040000                __kernel_beg = .

.text           0x00040000     0x4ab6
                0x00040000                __code_start = .
 *(EXCLUDE_FILE(data.o shared_pages.o) .text)
 .text          0x00040000       0x30 kernel.o
                0x00040000                KernelStart
 .text          0x00040030       0x2d flush.o
                0x0004004d                _idt_flush
                0x00040055                _tss_flush
                0x00040030                _gdt_flush
 *fill*         0x0004005d        0x3 00
 .text          0x00040060      0x1d7 isr.o
                0x00040108                _isr20
                0x000401a3                _irq2
                0x0004012b                _isr25
                0x000400e7                _isr15
                0x000400c2                _isr10
                0x000400fa                _isr18
                0x0004015c                _isr127
                0x0004011d                _isr23
                0x0004009c                _isr6
                0x000401c6                _irq7
                0x00040060                _isr0
                0x00040195                _irq0
                0x000401b8                _irq5
                0x0004010f                _isr21
                0x000401f7                _irq14
                0x000401cd                _irq8
                0x000400b8                _isr9
                0x00040140                _isr28
                0x00040092                _isr5
                0x00040132                _isr26
                0x00040147                _isr29
                0x00040155                _isr31
                0x0004006a                _isr1
                0x000400ca                _isr11
                0x000400ee                _isr16
                0x00040074                _isr2
                0x000400da                _isr13
                0x00040124                _isr24
                0x00040088                _isr4
                0x000401bf                _irq6
                0x000401e2                _irq11
                0x00040182                _fault_tail
                0x000401b1                _irq4
                0x000401f0                _irq13
                0x0004007e                _isr3
                0x000400a6                _isr7
                0x00040139                _isr27
                0x00040224                _irq_tail
                0x0004014e                _isr30
                0x00040101                _isr19
                0x000400e2                _isr14
                0x000401d4                _irq9
                0x000400f5                _isr17
                0x000401db                _irq10
                0x000401fe                _irq15
                0x000400d2                _isr12
                0x000400b0                _isr8
                0x0004019c                _irq1
                0x00040116                _isr22
                0x000401e9                _irq12
                0x000401aa                _irq3
 *fill*         0x00040237        0x9 00
 .text          0x00040240       0x3b process.o
                0x00040240                _read_eip
                0x00040243                _copy_page_physical
 *fill*         0x0004027b        0x1 00
 .text          0x0004027c      0x599 ckernel.o
                0x0004027c                _main
 *fill*         0x00040815        0x3 00
 .text          0x00040818       0x7d cmos.o
                0x00040818                _cmos_write
                0x0004085e                _cmos_read
 *fill*         0x00040895        0x3 00
 .text          0x00040898       0x93 descriptor_tables.o
                0x000408a5                _write_tss
                0x00040898                _set_kernel_stack
 *fill*         0x0004092b        0x1 00
 .text          0x0004092c      0x928 flpydsk.o
                0x000409f8                _flpydsk_disable_controller
                0x0004092c                _flpydsk_wait_irq
                0x00040e0c                _flpydsk_install
                0x00040b4d                _flpydsk_read_status
                0x00040e3b                _flpydsk_transfer_sector
                0x00040beb                _flpydsk_read_data
                0x00041008                _flpydsk_read_sector
                0x00040d89                _flpydsk_reset
                0x00041098                _flpydsk_read_directory
                0x00040a0a                _flpydsk_control_motor
                0x000409b2                _flpydsk_write_ccr
                0x00040ce4                _flpydsk_calibrate
                0x00040b9f                _flpydsk_drive_data
                0x00040b5f                _flpydsk_send_command
                0x00040c4e                _flpydsk_seek
                0x00040997                _flpydsk_set_working_drive
                0x000409a8                _flpydsk_get_working_drive
                0x00040941                _i86_flpy_irq
                0x00040a9b                _flpydsk_dma_read
                0x000409e6                _flpydsk_enable_controller
                0x0004094d                _flpydsk_lba_to_chs
                0x00040ac7                _flpydsk_initialize_dma
                0x00040f71                _flpydsk_write_sector
                0x00040c22                _flpydsk_check_int
                0x00040a6f                _flpydsk_dma_write
                0x000409cc                _flpydsk_write_dor
 .text          0x00041254       0xf0 fs.o
                0x000412d8                _readdir_fs
                0x000412ba                _close_fs
                0x0004129c                _open_fs
                0x00041278                _write_fs
                0x0004130e                _finddir_fs
                0x00041254                _read_fs
 .text          0x00041344       0xf3 gdt.o
                0x00041393                _gdt_install
                0x00041344                _gdt_set_gate
 *fill*         0x00041437        0x1 00
 .text          0x00041438       0x6f idt.o
                0x0004146c                _idt_install
                0x00041438                _idt_set_gate
 *fill*         0x000414a7        0x1 00
 .text          0x000414a8      0x57f initrd.o
                0x000414a8                _install_initrd
 *fill*         0x00041a27        0x1 00
 .text          0x00041a28      0x276 irq.o
                0x00041aba                _irq_remap
                0x00041a4d                _irq_handler
                0x00041a3a                _irq_uninstall_handler
                0x00041b49                _irq_install
                0x00041a28                _irq_install_handler
 *fill*         0x00041c9e        0x2 00
 .text          0x00041ca0      0x4b9 isrs.o
                0x00041ca0                _fault_handler
                0x00041eab                _isrs_install
 *fill*         0x00042159        0x3 00
 .text          0x0004215c      0x2c2 keyboard.o
                0x00042365                _ScanToASCII
                0x0004229a                _FetchAndAnalyzeScancode
                0x000423cf                _keyboard_handler
                0x00042256                _keyboard_init
                0x000421a5                _k_checkKQ_and_print_char
                0x0004215c                _k_checkKQ_and_return_char
                0x0004227e                _keyboard_install
 *fill*         0x0004241e        0x2 00
 .text          0x00042420      0x475 kheap.o
                0x00042420                _k_free
                0x00042857                _heap_install
                0x00042546                _k_malloc
 *fill*         0x00042895        0x3 00
 .text          0x00042898      0x1a1 list.o
                0x000429ac                _listInput
                0x000428e6                _listShow
                0x00042898                _listShowElement
                0x00042932                _listAppend
                0x0004297f                _listCreate
                0x000429f3                _listDeleteAll
 *fill*         0x00042a39        0x3 00
 .text          0x00042a3c       0x40 math.o
                0x00042a6e                _k_abs
                0x00042a3c                _k_power
 .text          0x00042a7c      0x883 paging.o
                0x00042aaf                _paging_activate_pd
                0x00042c96                _paging_alloc
                0x00042ac9                _paging_destroy_user_pd
                0x00042ba0                _paging_create_user_pd
                0x00042bef                _paging_free
                0x00042f14                _paging_install
 *fill*         0x000432ff        0x1 00
 .text          0x00043300      0x5e6 pci.o
                0x00043300                _pci_config_write_dword
                0x00043350                _pci_config_read
                0x000433d6                _pciScan
 *fill*         0x000438e6        0x2 00
 .text          0x000438e8       0xea syscall.o
                0x0004398d                _syscall_handler
                0x000438fd                _syscall_putch
                0x0004396d                _syscall_k_checkKQ_and_return_char
                0x0004394d                _syscall_switch_context
                0x0004392d                _syscall_getpid
                0x0004395d                _syscall_k_checkKQ_and_print_char
                0x00043913                _syscall_settextcolor
                0x0004397d                _syscall_flpydsk_read_directory
                0x0004393d                _syscall_nop
                0x000438e8                _syscall_puts
 *fill*         0x000439d2        0x2 00
 .text          0x000439d4      0x50d task.o
                0x000439d4                _getpid
                0x00043e05                _tasking_install
                0x00043bef                _task_switch
                0x00043bbc                _log_task_list
                0x00043b32                _task_log
                0x000439e7                _TSS_log
                0x000439e0                _switch_context
                0x00043c6e                _create_task
 *fill*         0x00043ee1        0x3 00
 .text          0x00043ee4      0x103 timer.o
                0x00043f58                _timer_install
                0x00043fca                _sleepSeconds
                0x00043f10                _systemTimer_setFrequency
                0x00043efe                _timer_uninstall
                0x00043f7b                _timer_wait
                0x00043ee4                _timer_handler
                0x00043fac                _sleepMilliSeconds
 *fill*         0x00043fe7        0x1 00
 .text          0x00043fe8      0x4e0 util.o
                0x0004406d                _fetchDS
                0x0004419e                _k_strcat
                0x00043fee                _cli
                0x00044066                _fetchCS
                0x00044054                _fetchEBP
                0x000440c8                _k_memset
                0x0004441b                _min
                0x00044155                _k_strcpy
                0x0004442c                _k_memshow
                0x000442de                _float2string
                0x00044096                _outportl
                0x00044108                _k_strlen
                0x0004405f                _fetchSS
                0x00043ff4                _nop
                0x0004445e                _panic_assert
                0x0004407f                _inportl
                0x00044049                _fetchESP
                0x000443de                _alignUp
                0x0004408a                _outportb
                0x0004412c                _k_strcmp
                0x000440e9                _k_memsetw
                0x000443f7                _alignDown
                0x0004440a                _max
                0x000441bf                _reboot
                0x000441f4                _k_itoa
                0x0004416b                _k_strncpy
                0x00043fe8                _sti
                0x00044289                _k_i2hex
                0x00043ffa                _initODA
                0x000440a2                _k_memcpy
                0x00044074                _inportb
 .text          0x000444c8      0x5ee video.o
                0x00044530                _restore_cursor
                0x000449ef                _k_printf
                0x000444e1                _move_cursor_right
                0x00044a76                _k_clear_screen
                0x0004464c                _putch
                0x00044a4e                _move_cursor_end
                0x0004483e                _puts
                0x00044a62                _move_cursor_home
                0x0004457c                _scroll
                0x00044869                _printformat
                0x00044556                _save_cursor
                0x000445ed                _update_cursor
                0x00044a31                _set_cursor
                0x000444c8                _settextcolor
                0x00044502                _move_cursor_left
                0x00045000                . = ALIGN (0x1000)

.text1          0x00045000        0xa
 shared_pages.o(.text)
 .text          0x00045000        0xa shared_pages.o
                0x00045000                _getAddressUserProgram
                0x00046000                . = ALIGN (0x1000)

.text2          0x00046000     0x1ff9
 data.o(.text)
 .text          0x00046000     0x1ff9 data.o
                0x00046000                _file_data_start
                0x00047ff9                _file_data_end

.data           0x00048000       0x98
                0x00048000                __data_start = .
 *(.data)
 .data          0x00048000        0x0 shared_pages.o
 .data          0x00048000        0x0 ckernel.o
 .data          0x00048000        0x0 cmos.o
 .data          0x00048000        0x0 descriptor_tables.o
 .data          0x00048000        0x0 flpydsk.o
 .data          0x00048000        0x0 fs.o
 .data          0x00048000        0x0 gdt.o
 .data          0x00048000        0x0 idt.o
 .data          0x00048000        0x0 initrd.o
 .data          0x00048000        0x0 irq.o
 .data          0x00048000       0x80 isrs.o
                0x00048000                _exception_messages
 .data          0x00048080        0x0 keyboard.o
 .data          0x00048080        0x4 kheap.o
 .data          0x00048084        0x0 list.o
 .data          0x00048084        0x0 math.o
 .data          0x00048084        0x0 paging.o
 .data          0x00048084        0x0 pci.o
 .data          0x00048084        0x0 syscall.o
 .data          0x00048084        0x4 task.o
                0x00048084                _next_pid
 .data          0x00048088        0x0 timer.o
 .data          0x00048088        0x8 util.o
                0x0004808c                _pODA
                0x00048088                _INT_MAX
 .data          0x00048090        0x8 video.o
                0x00048090                _attrib
                0x00048094                _vidmem

.rodata         0x000480a0      0x22a
                0x000480a0                __rodata_start = .
 *(.rodata)
 .rodata        0x000480a0       0x1c flpydsk.o
                0x000480a0                _FLOPPY_IRQ
                0x000480a8                _MOTOR_SPIN_UP_TURN_OFF_TIME
                0x000480a4                _FLPY_SECTORS_PER_TRACK
 *fill*         0x000480bc        0x4 00
 .rodata        0x000480c0      0x159 keyboard.o
 *fill*         0x00048219        0x7 00
 .rodata        0x00048220       0x24 syscall.o
 .rodata        0x00048244       0x86 video.o
                0x000482c9                _LINES
                0x000482c8                _COLUMNS
 *(.rdata)

.rodata.str1.1  0x000482ca      0x581
 .rodata.str1.1
                0x000482ca       0xd6 ckernel.o
 .rodata.str1.1
                0x000483a0       0x70 flpydsk.o
 .rodata.str1.1
                0x00048410       0x2c initrd.o
 .rodata.str1.1
                0x0004843c      0x198 isrs.o
 .rodata.str1.1
                0x000485d4        0x3 keyboard.o
 .rodata.str1.1
                0x000485d7       0x23 kheap.o
 .rodata.str1.1
                0x000485fa       0x27 list.o
 .rodata.str1.1
                0x00048621       0x24 paging.o
 .rodata.str1.1
                0x00048645       0xcd pci.o
 .rodata.str1.1
                0x00048712       0xfc task.o
 .rodata.str1.1
                0x0004880e       0x3d util.o

.rodata.str1.4  0x0004884c      0x254
 .rodata.str1.4
                0x0004884c       0xa8 ckernel.o
 .rodata.str1.4
                0x000488f4       0x33 flpydsk.o
 *fill*         0x00048927        0x1 00
 .rodata.str1.4
                0x00048928      0x11d isrs.o
 *fill*         0x00048a45        0x3 00
 .rodata.str1.4
                0x00048a48       0x58 paging.o

.rodata.cst4    0x00048aa0        0x4
 .rodata.cst4   0x00048aa0        0x4 util.o

.bss            0x00048ac0     0x670c
                0x00048ac0                __bss_start = .
 *(.bss)
 .bss           0x00048ac0        0x0 shared_pages.o
 .bss           0x00048ac0        0x1 ckernel.o
                0x00048ac0                _flag1
 *fill*         0x00048ac1        0x3 00
 .bss           0x00048ac4        0x0 cmos.o
 .bss           0x00048ac4        0x0 descriptor_tables.o
 .bss           0x00048ac4        0x2 flpydsk.o
 *fill*         0x00048ac6        0x2 00
 .bss           0x00048ac8        0x4 fs.o
                0x00048ac8                _fs_root
 .bss           0x00048acc        0x0 gdt.o
 .bss           0x00048acc        0x0 idt.o
 .bss           0x00048acc        0x0 initrd.o
 .bss           0x00048acc        0x0 irq.o
 .bss           0x00048acc        0x0 isrs.o
 .bss           0x00048acc        0x5 keyboard.o
                0x00048acc                _ShiftKeyDown
                0x00048acd                _AltGrKeyDown
                0x00048acf                _curScan
                0x00048ad0                _prevScan
                0x00048ace                _KeyPressed
 *fill*         0x00048ad1        0x3 00
 .bss           0x00048ad4       0x14 kheap.o
 .bss           0x00048ae8        0x0 list.o
 .bss           0x00048ae8        0x0 math.o
 .bss           0x00048ae8       0x10 paging.o
 .bss           0x00048af8        0x0 pci.o
 .bss           0x00048af8        0x0 syscall.o
 .bss           0x00048af8        0x0 task.o
 .bss           0x00048af8        0x4 timer.o
                0x00048af8                _timer_ticks
 .bss           0x00048afc        0x0 util.o
 .bss           0x00048afc        0x4 video.o
                0x00048afc                _csr_x
                0x00048aff                _saved_csr_y
                0x00048afd                _csr_y
                0x00048afe                _saved_csr_x
 *(COMMON)
 COMMON         0x00048b00       0x4c shared_pages.o
                0x00048b00                _ODA
 *fill*         0x00048b4c       0x14 00
 COMMON         0x00048b60     0x5260 ckernel.o
                0x00048b60                _Mem_Chunk
                0x00048c60                _buf
                0x0004ac60                _address_user
                0x0004ac64                _initial_esp
                0x0004ac80                _pciDev_Array
                0x0004bdc0                _address_TEST
 COMMON         0x0004ddc0      0x8c6 descriptor_tables.o
                0x0004ddc0                _tss
                0x0004de40                _gdt_entries
                0x0004de70                _idt_ptr
                0x0004de80                _idt_entries
                0x0004e680                _gdt_ptr
 *fill*         0x0004e686       0x1a 00
 COMMON         0x0004e6a0       0x36 gdt.o
                0x0004e6a0                _gdt
                0x0004e6d0                _gdt_register
 *fill*         0x0004e6d6        0xa 00
 COMMON         0x0004e6e0      0x806 idt.o
                0x0004e6e0                _idt
                0x0004eee0                _idt_register
 *fill*         0x0004eee6       0x1a 00
 COMMON         0x0004ef00       0xac initrd.o
                0x0004ef00                _initrd_header
                0x0004ef04                _initrd_root
                0x0004ef08                _initrd_dev
                0x0004ef0c                _file_headers
                0x0004ef20                _dirent
                0x0004efa4                _root_nodes
                0x0004efa8                _nroot_nodes
 *fill*         0x0004efac       0x14 00
 COMMON         0x0004efc0      0x200 irq.o
                0x0004efc0                _irq_routines
 COMMON         0x0004f1c0        0x8 task.o
                0x0004f1c0                _ready_queue
                0x0004f1c4                _current_task
 COMMON         0x0004f1c8        0x4 timer.o
                0x0004f1c8                _eticks
                0x0004f1cc                __kernel_end = .
                0x0004f1cc                __end = .
LOAD kernel.o
LOAD data.o
LOAD flush.o
LOAD isr.o
LOAD process.o
LOAD ckernel.o
LOAD cmos.o
LOAD descriptor_tables.o
LOAD flpydsk.o
LOAD fs.o
LOAD gdt.o
LOAD idt.o
LOAD initrd.o
LOAD irq.o
LOAD isrs.o
LOAD keyboard.o
LOAD kheap.o
LOAD list.o
LOAD math.o
LOAD paging.o
LOAD pci.o
LOAD shared_pages.o
LOAD syscall.o
LOAD task.o
LOAD timer.o
LOAD util.o
LOAD video.o
OUTPUT(ckernel.sys binary)

.comment        0x00000000      0x18c
 .comment       0x00000000       0x12 shared_pages.o
 .comment       0x00000012       0x12 ckernel.o
 .comment       0x00000024       0x12 cmos.o
 .comment       0x00000036       0x12 descriptor_tables.o
 .comment       0x00000048       0x12 flpydsk.o
 .comment       0x0000005a       0x12 fs.o
 .comment       0x0000006c       0x12 gdt.o
 .comment       0x0000007e       0x12 idt.o
 .comment       0x00000090       0x12 initrd.o
 .comment       0x000000a2       0x12 irq.o
 .comment       0x000000b4       0x12 isrs.o
 .comment       0x000000c6       0x12 keyboard.o
 .comment       0x000000d8       0x12 kheap.o
 .comment       0x000000ea       0x12 list.o
 .comment       0x000000fc       0x12 math.o
 .comment       0x0000010e       0x12 paging.o
 .comment       0x00000120       0x12 pci.o
 .comment       0x00000132       0x12 syscall.o
 .comment       0x00000144       0x12 task.o
 .comment       0x00000156       0x12 timer.o
 .comment       0x00000168       0x12 util.o
 .comment       0x0000017a       0x12 video.o
