
Allocating common symbols
Common symbol       size              file

_ready_queue        0x4               task.o
_Mem_Chunk          0xf0              ckernel.o
_offs               0x4               paging.o
_idt                0x800             idt.o
_initrd_header      0x4               initrd.o
_gdt                0x30              gdt.o
_tss                0x68              descriptor_tables.o
_buf                0x2000            ckernel.o
_gdt_entries        0x30              descriptor_tables.o
_initrd_root        0x4               initrd.o
_address_user       0x4               ckernel.o
_initial_esp        0x4               ckernel.o
_initrd_dev         0x4               initrd.o
_file_headers       0x4               initrd.o
_irq_routines       0x200             irq.o
_pciDev_Array       0x1130            ckernel.o
_ODA                0x4c              shared_pages.o
_eticks             0x4               timer.o
_current_task       0x4               task.o
_dirent             0x84              initrd.o
_ind                0x4               paging.o
_frames             0x4               paging.o
_idt_register       0x6               idt.o
_root_nodes         0x4               initrd.o
_address_TEST       0x2000            ckernel.o
_nroot_nodes        0x4               initrd.o
_idt_ptr            0x6               descriptor_tables.o
_idt_entries        0x800             descriptor_tables.o
_gdt_register       0x6               gdt.o
_gdt_ptr            0x6               descriptor_tables.o

Memory Configuration

Name             Origin             Length             Attributes
*default*        0x00000000         0xffffffff

Linker script and memory map

                0x00040000                . = 0x40000

.text           0x00040000     0x4a9a
                0x00040000                __code_start = .
 *(EXCLUDE_FILE(data.o shared_pages.o) .text)
 .text          0x00040000       0x30 kernel.o
                0x00040000                KernelStart
 .text          0x00040030       0x2d flush.o
                0x0004004d                _idt_flush
                0x00040055                _tss_flush
                0x00040030                _gdt_flush
 *fill*         0x0004005d        0x3 00
 .text          0x00040060      0x1d7 isr.o
                0x00040108                _isr20
                0x000401a3                _irq2
                0x0004012b                _isr25
                0x000400e7                _isr15
                0x000400c2                _isr10
                0x000400fa                _isr18
                0x0004015c                _isr127
                0x0004011d                _isr23
                0x0004009c                _isr6
                0x000401c6                _irq7
                0x00040060                _isr0
                0x00040195                _irq0
                0x000401b8                _irq5
                0x0004010f                _isr21
                0x000401f7                _irq14
                0x000401cd                _irq8
                0x000400b8                _isr9
                0x00040140                _isr28
                0x00040092                _isr5
                0x00040132                _isr26
                0x00040147                _isr29
                0x00040155                _isr31
                0x0004006a                _isr1
                0x000400ca                _isr11
                0x000400ee                _isr16
                0x00040074                _isr2
                0x000400da                _isr13
                0x00040124                _isr24
                0x00040088                _isr4
                0x000401bf                _irq6
                0x000401e2                _irq11
                0x00040182                _fault_tail
                0x000401b1                _irq4
                0x000401f0                _irq13
                0x0004007e                _isr3
                0x000400a6                _isr7
                0x00040139                _isr27
                0x00040224                _irq_tail
                0x0004014e                _isr30
                0x00040101                _isr19
                0x000400e2                _isr14
                0x000401d4                _irq9
                0x000400f5                _isr17
                0x000401db                _irq10
                0x000401fe                _irq15
                0x000400d2                _isr12
                0x000400b0                _isr8
                0x0004019c                _irq1
                0x00040116                _isr22
                0x000401e9                _irq12
                0x000401aa                _irq3
 *fill*         0x00040237        0x9 00
 .text          0x00040240       0x3b process.o
                0x00040240                _read_eip
                0x00040243                _copy_page_physical
 *fill*         0x0004027b        0x1 00
 .text          0x0004027c      0x990 ckernel.o
                0x0004027c                _main
 .text          0x00040c0c       0x7d cmos.o
                0x00040c0c                _cmos_write
                0x00040c52                _cmos_read
 *fill*         0x00040c89        0x3 00
 .text          0x00040c8c       0x93 descriptor_tables.o
                0x00040c99                _write_tss
                0x00040c8c                _set_kernel_stack
 *fill*         0x00040d1f        0x1 00
 .text          0x00040d20      0x928 flpydsk.o
                0x00040dec                _flpydsk_disable_controller
                0x00040d20                _flpydsk_wait_irq
                0x00041200                _flpydsk_install
                0x00040f41                _flpydsk_read_status
                0x0004122f                _flpydsk_transfer_sector
                0x00040fdf                _flpydsk_read_data
                0x000413fc                _flpydsk_read_sector
                0x0004117d                _flpydsk_reset
                0x0004148c                _flpydsk_read_directory
                0x00040dfe                _flpydsk_control_motor
                0x00040da6                _flpydsk_write_ccr
                0x000410d8                _flpydsk_calibrate
                0x00040f93                _flpydsk_drive_data
                0x00040f53                _flpydsk_send_command
                0x00041042                _flpydsk_seek
                0x00040d8b                _flpydsk_set_working_drive
                0x00040d9c                _flpydsk_get_working_drive
                0x00040d35                _i86_flpy_irq
                0x00040e8f                _flpydsk_dma_read
                0x00040dda                _flpydsk_enable_controller
                0x00040d41                _flpydsk_lba_to_chs
                0x00040ebb                _flpydsk_initialize_dma
                0x00041365                _flpydsk_write_sector
                0x00041016                _flpydsk_check_int
                0x00040e63                _flpydsk_dma_write
                0x00040dc0                _flpydsk_write_dor
 .text          0x00041648       0xf0 fs.o
                0x000416cc                _readdir_fs
                0x000416ae                _close_fs
                0x00041690                _open_fs
                0x0004166c                _write_fs
                0x00041702                _finddir_fs
                0x00041648                _read_fs
 .text          0x00041738       0xf3 gdt.o
                0x00041787                _gdt_install
                0x00041738                _gdt_set_gate
 *fill*         0x0004182b        0x1 00
 .text          0x0004182c       0x6f idt.o
                0x00041860                _idt_install
                0x0004182c                _idt_set_gate
 *fill*         0x0004189b        0x1 00
 .text          0x0004189c      0x510 initrd.o
                0x0004189c                _install_initrd
 .text          0x00041dac      0x276 irq.o
                0x00041e3e                _irq_remap
                0x00041dd1                _irq_handler
                0x00041dbe                _irq_uninstall_handler
                0x00041ecd                _irq_install
                0x00041dac                _irq_install_handler
 *fill*         0x00042022        0x2 00
 .text          0x00042024      0x4b9 isrs.o
                0x00042024                _fault_handler
                0x0004222f                _isrs_install
 *fill*         0x000424dd        0x3 00
 .text          0x000424e0      0x2c2 keyboard.o
                0x000426e9                _ScanToASCII
                0x0004261e                _FetchAndAnalyzeScancode
                0x00042753                _keyboard_handler
                0x000425da                _keyboard_init
                0x00042529                _k_checkKQ_and_print_char
                0x000424e0                _k_checkKQ_and_return_char
                0x00042602                _keyboard_install
 *fill*         0x000427a2        0x2 00
 .text          0x000427a4      0x66d kheap.o
                0x000427b8                _free
                0x00042d31                _create_heap
                0x00042a20                _alloc
                0x00042a07                _kfree
 *fill*         0x00042e11        0x3 00
 .text          0x00042e14       0x40 math.o
                0x00042e46                _k_abs
                0x00042e14                _k_power
 .text          0x00042e54      0x1cc ordered_array.o
                0x00042e54                _standard_lessthan_predicate
                0x00042fd5                _create_ordered_array
                0x00042ea2                _lookup_ordered_array
                0x00042ed5                _insert_ordered_array
                0x00042f80                _destroy_ordered_array
                0x00042e62                _remove_ordered_array
                0x00042f95                _place_ordered_array
 .text          0x00043020      0x7d4 paging.o
                0x0004303d                _free_frame
                0x0004307f                _alloc_frame
                0x00043539                _analyze_physical_addresses
                0x00043333                _clone_directory
                0x00043509                _show_physical_address
                0x00043186                _analyze_frames_bitset
                0x00043487                _get_page
                0x00043296                _k_malloc
                0x00043633                _paging_install
 .text          0x000437f4       0xd6 pci.o
                0x000437f4                _pci_config_write_dword
                0x00043844                _pci_config_read
 *fill*         0x000438ca        0x2 00
 .text          0x000438cc       0xea syscall.o
                0x00043971                _syscall_handler
                0x000438e1                _syscall_putch
                0x00043951                _syscall_k_checkKQ_and_return_char
                0x00043931                _syscall_switch_context
                0x00043911                _syscall_getpid
                0x00043941                _syscall_k_checkKQ_and_print_char
                0x000438f7                _syscall_settextcolor
                0x00043961                _syscall_flpydsk_read_directory
                0x00043921                _syscall_nop
                0x000438cc                _syscall_puts
 *fill*         0x000439b6        0x2 00
 .text          0x000439b8      0x55f task.o
                0x000439b8                _getpid
                0x00043ba2                _tasking_install
                0x000439c4                _task_switch
                0x00043ee4                _log_task_list
                0x00043d84                _task_log
                0x00043c39                _TSS_log
                0x00043e0e                _fork
                0x00043a42                _switch_context
                0x00043a49                _create_task
 *fill*         0x00043f17        0x1 00
 .text          0x00043f18      0x103 timer.o
                0x00043f8c                _timer_install
                0x00043ffe                _sleepSeconds
                0x00043f44                _systemTimer_setFrequency
                0x00043f32                _timer_uninstall
                0x00043faf                _timer_wait
                0x00043f18                _timer_handler
                0x00043fe0                _sleepMilliSeconds
 *fill*         0x0004401b        0x1 00
 .text          0x0004401c      0x48e util.o
                0x000440a1                _fetchDS
                0x000441d2                _k_strcat
                0x00044022                _cli
                0x0004409a                _fetchCS
                0x00044088                _fetchEBP
                0x000440fc                _k_memset
                0x00044189                _k_strcpy
                0x0004440e                _k_memshow
                0x0004430e                _float2string
                0x000440ca                _outportl
                0x0004413c                _k_strlen
                0x00044093                _fetchSS
                0x00044028                _nop
                0x00044440                _panic_assert
                0x000440b3                _inportl
                0x0004407d                _fetchESP
                0x000440be                _outportb
                0x00044160                _k_strcmp
                0x0004411d                _k_memsetw
                0x000441f3                _reboot
                0x00044228                _k_itoa
                0x0004419f                _k_strncpy
                0x0004401c                _sti
                0x000442b9                _k_i2hex
                0x0004402e                _initODA
                0x000440d6                _k_memcpy
                0x000440a8                _inportb
 *fill*         0x000444aa        0x2 00
 .text          0x000444ac      0x5ee video.o
                0x00044514                _restore_cursor
                0x000449d3                _k_printf
                0x000444c5                _move_cursor_right
                0x00044a5a                _k_clear_screen
                0x00044630                _putch
                0x00044a32                _move_cursor_end
                0x00044822                _puts
                0x00044a46                _move_cursor_home
                0x00044560                _scroll
                0x0004484d                _printformat
                0x0004453a                _save_cursor
                0x000445d1                _update_cursor
                0x00044a15                _set_cursor
                0x000444ac                _settextcolor
                0x000444e6                _move_cursor_left
                0x00045000                . = ALIGN (0x1000)

.text1          0x00045000        0xa
 shared_pages.o(.text)
 .text          0x00045000        0xa shared_pages.o
                0x00045000                _getAddressUserProgram
                0x00046000                . = ALIGN (0x1000)

.text2          0x00046000     0x1ff9
 data.o(.text)
 .text          0x00046000     0x1ff9 data.o
                0x00046000                _file_data_start
                0x00047ff9                _file_data_end

.data           0x00048000       0x9c
                0x00048000                __data_start = .
 *(.data)
 .data          0x00048000        0x0 shared_pages.o
 .data          0x00048000        0x0 ckernel.o
 .data          0x00048000        0x0 cmos.o
 .data          0x00048000        0x0 descriptor_tables.o
 .data          0x00048000        0x0 flpydsk.o
 .data          0x00048000        0x0 fs.o
 .data          0x00048000        0x0 gdt.o
 .data          0x00048000        0x0 idt.o
 .data          0x00048000        0x0 initrd.o
 .data          0x00048000        0x0 irq.o
 .data          0x00048000       0x80 isrs.o
                0x00048000                _exception_messages
 .data          0x00048080        0x0 keyboard.o
 .data          0x00048080        0x0 kheap.o
 .data          0x00048080        0x0 math.o
 .data          0x00048080        0x0 ordered_array.o
 .data          0x00048080        0x8 paging.o
                0x00048084                _placement_address
                0x00048080                _uint32_t_MAX
 .data          0x00048088        0x0 pci.o
 .data          0x00048088        0x0 syscall.o
 .data          0x00048088        0x4 task.o
                0x00048088                _next_pid
 .data          0x0004808c        0x0 timer.o
 .data          0x0004808c        0x8 util.o
                0x00048090                _pODA
                0x0004808c                _INT_MAX
 .data          0x00048094        0x8 video.o
                0x00048094                _attrib
                0x00048098                _vidmem

.rodata         0x000480a0      0x22a
                0x000480a0                __rodata_start = .
 *(.rodata)
 .rodata        0x000480a0       0x1c flpydsk.o
                0x000480a0                _FLOPPY_IRQ
                0x000480a8                _MOTOR_SPIN_UP_TURN_OFF_TIME
                0x000480a4                _FLPY_SECTORS_PER_TRACK
 *fill*         0x000480bc        0x4 00
 .rodata        0x000480c0      0x159 keyboard.o
 *fill*         0x00048219        0x7 00
 .rodata        0x00048220       0x24 syscall.o
 .rodata        0x00048244       0x86 video.o
                0x000482c9                _LINES
                0x000482c8                _COLUMNS
 *(.rdata)

.rodata.str1.1  0x000482ca      0x54f
 .rodata.str1.1
                0x000482ca      0x164 ckernel.o
 .rodata.str1.1
                0x0004842e       0x70 flpydsk.o
 .rodata.str1.1
                0x0004849e        0xc initrd.o
 .rodata.str1.1
                0x000484aa      0x198 isrs.o
 .rodata.str1.1
                0x00048642        0x3 keyboard.o
 .rodata.str1.1
                0x00048645       0x88 kheap.o
 .rodata.str1.1
                0x000486cd       0x31 ordered_array.o
 .rodata.str1.1
                0x000486fe        0xd paging.o
 .rodata.str1.1
                0x0004870b       0xd1 task.o
 .rodata.str1.1
                0x000487dc       0x3d util.o

.rodata.str1.4  0x0004881c      0x2a9
 .rodata.str1.4
                0x0004881c       0x7f ckernel.o
 *fill*         0x0004889b        0x1 00
 .rodata.str1.4
                0x0004889c       0x33 flpydsk.o
 *fill*         0x000488cf        0x1 00
 .rodata.str1.4
                0x000488d0      0x11d isrs.o
 *fill*         0x000489ed        0x3 00
 .rodata.str1.4
                0x000489f0       0xa8 kheap.o
 .rodata.str1.4
                0x00048a98       0x2d paging.o

.rodata.cst4    0x00048ac8        0x4
 .rodata.cst4   0x00048ac8        0x4 util.o

.bss            0x00048ae0     0x6718
                0x00048ae0                __bss_start = .
 *(.bss)
 .bss           0x00048ae0        0x0 shared_pages.o
 .bss           0x00048ae0        0x8 ckernel.o
                0x00048ae4                _kheap
                0x00048ae0                _flag1
 .bss           0x00048ae8        0x0 cmos.o
 .bss           0x00048ae8        0x0 descriptor_tables.o
 .bss           0x00048ae8        0x2 flpydsk.o
 *fill*         0x00048aea        0x2 00
 .bss           0x00048aec        0x4 fs.o
                0x00048aec                _fs_root
 .bss           0x00048af0        0x0 gdt.o
 .bss           0x00048af0        0x0 idt.o
 .bss           0x00048af0        0x0 initrd.o
 .bss           0x00048af0        0x0 irq.o
 .bss           0x00048af0        0x0 isrs.o
 .bss           0x00048af0        0x5 keyboard.o
                0x00048af0                _ShiftKeyDown
                0x00048af1                _AltGrKeyDown
                0x00048af3                _curScan
                0x00048af4                _prevScan
                0x00048af2                _KeyPressed
 *fill*         0x00048af5        0x3 00
 .bss           0x00048af8        0x0 kheap.o
 .bss           0x00048af8        0x0 math.o
 .bss           0x00048af8        0x0 ordered_array.o
 .bss           0x00048af8        0x8 paging.o
                0x00048afc                _current_directory
                0x00048af8                _kernel_directory
 .bss           0x00048b00        0x0 pci.o
 .bss           0x00048b00        0x0 syscall.o
 .bss           0x00048b00        0x0 task.o
 .bss           0x00048b00        0x4 timer.o
                0x00048b00                _timer_ticks
 .bss           0x00048b04        0x0 util.o
 .bss           0x00048b04        0x4 video.o
                0x00048b04                _csr_x
                0x00048b07                _saved_csr_y
                0x00048b05                _csr_y
                0x00048b06                _saved_csr_x
 *(COMMON)
 *fill*         0x00048b08       0x18 00
 COMMON         0x00048b20       0x4c shared_pages.o
                0x00048b20                _ODA
 *fill*         0x00048b6c       0x14 00
 COMMON         0x00048b80     0x5260 ckernel.o
                0x00048b80                _Mem_Chunk
                0x00048c80                _buf
                0x0004ac80                _address_user
                0x0004ac84                _initial_esp
                0x0004aca0                _pciDev_Array
                0x0004bde0                _address_TEST
 COMMON         0x0004dde0      0x8c6 descriptor_tables.o
                0x0004dde0                _tss
                0x0004de60                _gdt_entries
                0x0004de90                _idt_ptr
                0x0004dea0                _idt_entries
                0x0004e6a0                _gdt_ptr
 *fill*         0x0004e6a6       0x1a 00
 COMMON         0x0004e6c0       0x36 gdt.o
                0x0004e6c0                _gdt
                0x0004e6f0                _gdt_register
 *fill*         0x0004e6f6        0xa 00
 COMMON         0x0004e700      0x806 idt.o
                0x0004e700                _idt
                0x0004ef00                _idt_register
 *fill*         0x0004ef06       0x1a 00
 COMMON         0x0004ef20       0xac initrd.o
                0x0004ef20                _initrd_header
                0x0004ef24                _initrd_root
                0x0004ef28                _initrd_dev
                0x0004ef2c                _file_headers
                0x0004ef40                _dirent
                0x0004efc4                _root_nodes
                0x0004efc8                _nroot_nodes
 *fill*         0x0004efcc       0x14 00
 COMMON         0x0004efe0      0x200 irq.o
                0x0004efe0                _irq_routines
 COMMON         0x0004f1e0        0xc paging.o
                0x0004f1e0                _offs
                0x0004f1e4                _ind
                0x0004f1e8                _frames
 COMMON         0x0004f1ec        0x8 task.o
                0x0004f1ec                _ready_queue
                0x0004f1f0                _current_task
 COMMON         0x0004f1f4        0x4 timer.o
                0x0004f1f4                _eticks
                0x0004f1f8                __end = .
LOAD kernel.o
LOAD data.o
LOAD flush.o
LOAD isr.o
LOAD process.o
LOAD ckernel.o
LOAD cmos.o
LOAD descriptor_tables.o
LOAD flpydsk.o
LOAD fs.o
LOAD gdt.o
LOAD idt.o
LOAD initrd.o
LOAD irq.o
LOAD isrs.o
LOAD keyboard.o
LOAD kheap.o
LOAD math.o
LOAD ordered_array.o
LOAD paging.o
LOAD pci.o
LOAD shared_pages.o
LOAD syscall.o
LOAD task.o
LOAD timer.o
LOAD util.o
LOAD video.o
OUTPUT(ckernel.sys binary)

.comment        0x00000000      0x18c
 .comment       0x00000000       0x12 shared_pages.o
 .comment       0x00000012       0x12 ckernel.o
 .comment       0x00000024       0x12 cmos.o
 .comment       0x00000036       0x12 descriptor_tables.o
 .comment       0x00000048       0x12 flpydsk.o
 .comment       0x0000005a       0x12 fs.o
 .comment       0x0000006c       0x12 gdt.o
 .comment       0x0000007e       0x12 idt.o
 .comment       0x00000090       0x12 initrd.o
 .comment       0x000000a2       0x12 irq.o
 .comment       0x000000b4       0x12 isrs.o
 .comment       0x000000c6       0x12 keyboard.o
 .comment       0x000000d8       0x12 kheap.o
 .comment       0x000000ea       0x12 math.o
 .comment       0x000000fc       0x12 ordered_array.o
 .comment       0x0000010e       0x12 paging.o
 .comment       0x00000120       0x12 pci.o
 .comment       0x00000132       0x12 syscall.o
 .comment       0x00000144       0x12 task.o
 .comment       0x00000156       0x12 timer.o
 .comment       0x00000168       0x12 util.o
 .comment       0x0000017a       0x12 video.o
