
Memory Configuration

Name             Origin             Length             Attributes
*default*        0x00000000         0xffffffff

Linker script and memory map

LOAD cpp.o
LOAD start.o
LOAD userlib.o
                0x01400000                . = 0x1400000

.text           0x01400000      0x690
                0x01400000                __code_start = .
 *(.text*)
 .text          0x01400000       0x57 cpp.o
                0x01400000                _main
 *fill*         0x01400057        0x9 00
 .text          0x01400060       0x16 start.o
                0x01400060                _start
 *fill*         0x01400076        0x2 00
 .text          0x01400078      0x618 userlib.o
                0x014000d2                _printLine
                0x014002e8                _strcat
                0x0140026f                _strcmp
                0x014001ad                _toLower
                0x014001c2                _toUpper
                0x0140066c                _test
                0x0140008c                _putch
                0x0140009d                _puts
                0x01400109                _floppy_format
                0x01400235                _toupper
                0x01400339                _gets
                0x014002b5                _strncpy
                0x0140046b                _atoi
                0x014004e5                _float2string
                0x014001fb                _tolower
                0x014000c2                _floppy_dir
                0x01400409                _itoa
                0x014000f9                _getCurrentMilliseconds
                0x01400188                _clearScreen
                0x014005e5                _showInfo
                0x014003c4                _reverse
                0x0140011c                _floppy_load
                0x01400163                _getUserTaskNumber
                0x014000ae                _getch
                0x01400308                _strchr
                0x01400298                _strcpy
                0x01400078                _settextcolor
                0x01400173                _testch
                0x014000e9                _getCurrentSeconds
                0x014001d7                _strlen
                0x01400132                _exit
                0x01400199                _gotoxy
                0x0140013e                _settaskflag
                0x0140014f                _beep

.data           0x01400690        0x0
                0x01400690                __data_start = .
 *(.data)
 .data          0x01400690        0x0 cpp.o
 .data          0x01400690        0x0 userlib.o

.rodata         0x01400690        0xc
                0x01400690                __rodata_start = .
 *(.rodata)
 .rodata        0x01400690        0xc userlib.o

.rodata.str1.4  0x0140069c      0x1f8
 .rodata.str1.4
                0x0140069c       0xfb cpp.o
 *fill*         0x01400797        0x1 00
 .rodata.str1.4
                0x01400798       0xfc userlib.o
                                 0xf9 (size before relaxing)

.rodata.str1.1  0x01400894        0xd
 .rodata.str1.1
                0x01400894        0xd userlib.o

.rodata.cst4    0x014008a4        0x4
 .rodata.cst4   0x014008a4        0x4 userlib.o

.rel.dyn        0x014008a8        0x0
 .rel.text      0x00000000        0x0 cpp.o

.bss            0x014008a8        0x0
                0x014008a8                __bss_start = .
 *(.bss)
 .bss           0x014008a8        0x0 cpp.o
 .bss           0x014008a8        0x0 userlib.o
 *(COMMON)
                0x014008a8                __end = .
OUTPUT(CPP.ELF elf32-i386)

.comment        0x00000000       0x24
 .comment       0x00000000       0x12 cpp.o
 .comment       0x00000012       0x12 userlib.o
